Component: ARM Compiler 5.05 update 1 (build 106) Tool: armlink [4d0efa]

==============================================================================

Section Cross References

    main.o(.text) refers to _printf_percent.o(.ARM.Collect$$_printf_percent$$00000000) for _printf_percent
    main.o(.text) refers to _printf_d.o(.ARM.Collect$$_printf_percent$$00000009) for _printf_d
    main.o(.text) refers to _printf_dec.o(.text) for _printf_int_dec
    main.o(.text) refers to _printf_f.o(.ARM.Collect$$_printf_percent$$00000003) for _printf_f
    main.o(.text) refers to printf1.o(x$fpl$printf1) for _printf_fp_dec
    main.o(.text) refers to misc.o(.text) for NVIC_PriorityGroupConfig
    main.o(.text) refers to delay.o(.text) for delay_init
    main.o(.text) refers to usart.o(.text) for uart_init
    main.o(.text) refers to led.o(.text) for LED_Init
    main.o(.text) refers to oled.o(.text) for OLED_Init
    main.o(.text) refers to exti.o(.text) for EXTIX_Init
    main.o(.text) refers to adc.o(.text) for My_ADC1_Init
    main.o(.text) refers to tim.o(.text) for TIM4_Init
    main.o(.text) refers to pwm.o(.text) for PWM1_Init
    main.o(.text) refers to stm32f4xx_tim.o(.text) for TIM_SetCompare1
    main.o(.text) refers to f2d.o(x$fpl$f2d) for __aeabi_f2d
    main.o(.text) refers to dmul.o(x$fpl$dmul) for __aeabi_dmul
    main.o(.text) refers to dflt_clz.o(x$fpl$dfltu) for __aeabi_ui2d
    main.o(.text) refers to d2f.o(x$fpl$d2f) for __aeabi_d2f
    main.o(.text) refers to noretval__2sprintf.o(.text) for __2sprintf
    main.o(.text) refers to pwm.o(.data) for arr1
    main.o(.text) refers to exti.o(.data) for i
    system_stm32f4xx.o(.text) refers to system_stm32f4xx.o(.data) for SystemCoreClock
    startup_stm32f40_41xxx.o(STACK) refers (Special) to heapauxi.o(.text) for __use_two_region_memory
    startup_stm32f40_41xxx.o(HEAP) refers (Special) to heapauxi.o(.text) for __use_two_region_memory
    startup_stm32f40_41xxx.o(RESET) refers (Special) to heapauxi.o(.text) for __use_two_region_memory
    startup_stm32f40_41xxx.o(RESET) refers to startup_stm32f40_41xxx.o(STACK) for __initial_sp
    startup_stm32f40_41xxx.o(RESET) refers to startup_stm32f40_41xxx.o(.text) for Reset_Handler
    startup_stm32f40_41xxx.o(RESET) refers to stm32f4xx_it.o(.text) for NMI_Handler
    startup_stm32f40_41xxx.o(RESET) refers to exti.o(.text) for EXTI0_IRQHandler
    startup_stm32f40_41xxx.o(RESET) refers to tim.o(.text) for TIM4_IRQHandler
    startup_stm32f40_41xxx.o(RESET) refers to usart.o(.text) for USART1_IRQHandler
    startup_stm32f40_41xxx.o(.text) refers (Special) to heapauxi.o(.text) for __use_two_region_memory
    startup_stm32f40_41xxx.o(.text) refers to system_stm32f4xx.o(.text) for SystemInit
    startup_stm32f40_41xxx.o(.text) refers to __main.o(!!!main) for __main
    startup_stm32f40_41xxx.o(.text) refers to startup_stm32f40_41xxx.o(HEAP) for Heap_Mem
    startup_stm32f40_41xxx.o(.text) refers to startup_stm32f40_41xxx.o(STACK) for Stack_Mem
    stm32f4xx_adc.o(.text) refers to stm32f4xx_rcc.o(.text) for RCC_APB2PeriphResetCmd
    stm32f4xx_can.o(.text) refers to stm32f4xx_rcc.o(.text) for RCC_APB1PeriphResetCmd
    stm32f4xx_cryp.o(.text) refers to stm32f4xx_rcc.o(.text) for RCC_AHB2PeriphResetCmd
    stm32f4xx_cryp_aes.o(.text) refers to stm32f4xx_cryp.o(.text) for CRYP_KeyStructInit
    stm32f4xx_cryp_des.o(.text) refers to stm32f4xx_cryp.o(.text) for CRYP_KeyStructInit
    stm32f4xx_cryp_tdes.o(.text) refers to stm32f4xx_cryp.o(.text) for CRYP_KeyStructInit
    stm32f4xx_dac.o(.text) refers to stm32f4xx_rcc.o(.text) for RCC_APB1PeriphResetCmd
    stm32f4xx_dma2d.o(.text) refers to stm32f4xx_rcc.o(.text) for RCC_AHB1PeriphResetCmd
    stm32f4xx_fsmc.o(.text) refers to stm32f4xx_fsmc.o(.constdata) for FSMC_DefaultTimingStruct
    stm32f4xx_gpio.o(.text) refers to stm32f4xx_rcc.o(.text) for RCC_AHB1PeriphResetCmd
    stm32f4xx_hash.o(.text) refers to stm32f4xx_rcc.o(.text) for RCC_AHB2PeriphResetCmd
    stm32f4xx_hash_md5.o(.text) refers to stm32f4xx_hash.o(.text) for HASH_DeInit
    stm32f4xx_hash_sha1.o(.text) refers to stm32f4xx_hash.o(.text) for HASH_DeInit
    stm32f4xx_i2c.o(.text) refers to stm32f4xx_rcc.o(.text) for RCC_APB1PeriphResetCmd
    stm32f4xx_ltdc.o(.text) refers to stm32f4xx_rcc.o(.text) for RCC_APB2PeriphResetCmd
    stm32f4xx_pwr.o(.text) refers to stm32f4xx_rcc.o(.text) for RCC_APB1PeriphResetCmd
    stm32f4xx_rcc.o(.text) refers to stm32f4xx_rcc.o(.data) for APBAHBPrescTable
    stm32f4xx_rng.o(.text) refers to stm32f4xx_rcc.o(.text) for RCC_AHB2PeriphResetCmd
    stm32f4xx_sai.o(.text) refers to stm32f4xx_rcc.o(.text) for RCC_APB2PeriphResetCmd
    stm32f4xx_sdio.o(.text) refers to stm32f4xx_rcc.o(.text) for RCC_APB2PeriphResetCmd
    stm32f4xx_spi.o(.text) refers to stm32f4xx_rcc.o(.text) for RCC_APB2PeriphResetCmd
    stm32f4xx_syscfg.o(.text) refers to stm32f4xx_rcc.o(.text) for RCC_APB2PeriphResetCmd
[...]
    ..\\SYSTEM\\usart\\usart.c               0x00000000   Number         0  usart.o ABSOLUTE
    dc.s                                     0x00000000   Number         0  dc.o ABSOLUTE
    main.c                                   0x00000000   Number         0  main.o ABSOLUTE
    main.c                                   0x00000000   Number         0  main.o ABSOLUTE
    stm32f4xx_it.c                           0x00000000   Number         0  stm32f4xx_it.o ABSOLUTE
    stm32f4xx_it.c                           0x00000000   Number         0  stm32f4xx_it.o ABSOLUTE
    system_stm32f4xx.c                       0x00000000   Number         0  system_stm32f4xx.o ABSOLUTE
    system_stm32f4xx.c                       0x00000000   Number         0  system_stm32f4xx.o ABSOLUTE
    RESET                                    0x08000000   Section      392  startup_stm32f40_41xxx.o(RESET)
    !!!main                                  0x08000188   Section        8  __main.o(!!!main)
    !!!scatter                               0x08000190   Section       52  __scatter.o(!!!scatter)
    !!dczerorl2                              0x080001c4   Section       90  __dczerorl2.o(!!dczerorl2)
    !!handler_zi                             0x08000220   Section       28  __scatter_zi.o(!!handler_zi)
    .ARM.Collect$$_printf_percent$$00000000  0x0800023c   Section        0  _printf_percent.o(.ARM.Collect$$_printf_percent$$00000000)
    .ARM.Collect$$_printf_percent$$00000003  0x0800023c   Section        6  _printf_f.o(.ARM.Collect$$_printf_percent$$00000003)
    .ARM.Collect$$_printf_percent$$00000009  0x08000242   Section        6  _printf_d.o(.ARM.Collect$$_printf_percent$$00000009)
    .ARM.Collect$$_printf_percent$$00000017  0x08000248   Section        4  _printf_percent_end.o(.ARM.Collect$$_printf_percent$$00000017)
    .ARM.Collect$$libinit$$00000000          0x0800024c   Section        2  libinit.o(.ARM.Collect$$libinit$$00000000)
    .ARM.Collect$$libinit$$00000001          0x0800024e   Section        4  libinit2.o(.ARM.Collect$$libinit$$00000001)
    .ARM.Collect$$libinit$$00000004          0x08000252   Section        0  libinit2.o(.ARM.Collect$$libinit$$00000004)
    .ARM.Collect$$libinit$$0000000A          0x08000252   Section        0  libinit2.o(.ARM.Collect$$libinit$$0000000A)
    .ARM.Collect$$libinit$$0000000C          0x08000252   Section        0  libinit2.o(.ARM.Collect$$libinit$$0000000C)
    .ARM.Collect$$libinit$$0000000E          0x08000252   Section        0  libinit2.o(.ARM.Collect$$libinit$$0000000E)
    .ARM.Collect$$libinit$$0000000F          0x08000252   Section        6  libinit2.o(.ARM.Collect$$libinit$$0000000F)
    .ARM.Collect$$libinit$$00000011          0x08000258   Section        0  libinit2.o(.ARM.Collect$$libinit$$00000011)
    .ARM.Collect$$libinit$$00000013          0x08000258   Section        0  libinit2.o(.ARM.Collect$$libinit$$00000013)
    .ARM.Collect$$libinit$$00000015          0x08000258   Section        0  libinit2.o(.ARM.Collect$$libinit$$00000015)
    .ARM.Collect$$libinit$$00000016          0x08000258   Section       10  libinit2.o(.ARM.Collect$$libinit$$00000016)
    .ARM.Collect$$libinit$$00000017          0x08000262   Section        0  libinit2.o(.ARM.Collect$$libinit$$00000017)
    .ARM.Collect$$libinit$$00000019          0x08000262   Section        0  libinit2.o(.ARM.Collect$$libinit$$00000019)
    .ARM.Collect$$libinit$$0000001B          0x08000262   Section        0  libinit2.o(.ARM.Collect$$libinit$$0000001B)
    .ARM.Collect$$libinit$$0000001D          0x08000262   Section        0  libinit2.o(.ARM.Collect$$libinit$$0000001D)
    .ARM.Collect$$libinit$$0000001F          0x08000262   Section        0  libinit2.o(.ARM.Collect$$libinit$$0000001F)
    .ARM.Collect$$libinit$$00000021          0x08000262   Section        0  libinit2.o(.ARM.Collect$$libinit$$00000021)
    .ARM.Collect$$libinit$$00000023          0x08000262   Section        0  libinit2.o(.ARM.Collect$$libinit$$00000023)
    .ARM.Collect$$libinit$$00000025          0x08000262   Section        0  libinit2.o(.ARM.Collect$$libinit$$00000025)
    .ARM.Collect$$libinit$$0000002C          0x08000262   Section        0  libinit2.o(.ARM.Collect$$libinit$$0000002C)
    .ARM.Collect$$libinit$$0000002E          0x08000262   Section        0  libinit2.o(.ARM.Collect$$libinit$$0000002E)
    .ARM.Collect$$libinit$$00000030          0x08000262   Section        0  libinit2.o(.ARM.Collect$$libinit$$00000030)
    .ARM.Collect$$libinit$$00000032          0x08000262   Section        0  libinit2.o(.ARM.Collect$$libinit$$00000032)
    .ARM.Collect$$libinit$$00000033          0x08000262   Section        2  libinit2.o(.ARM.Collect$$libinit$$00000033)
    .ARM.Collect$$libshutdown$$00000000      0x08000264   Section        2  libshutdown.o(.ARM.Collect$$libshutdown$$00000000)
    .ARM.Collect$$libshutdown$$00000003      0x08000266   Section        0  libshutdown2.o(.ARM.Collect$$libshutdown$$00000003)
    .ARM.Collect$$libshutdown$$00000006      0x08000266   Section        0  libshutdown2.o(.ARM.Collect$$libshutdown$$00000006)
    .ARM.Collect$$libshutdown$$00000009      0x08000266   Section        0  libshutdown2.o(.ARM.Collect$$libshutdown$$00000009)
    .ARM.Collect$$libshutdown$$0000000B      0x08000266   Section        0  libshutdown2.o(.ARM.Collect$$libshutdown$$0000000B)
    .ARM.Collect$$libshutdown$$0000000E      0x08000266   Section        0  libshutdown2.o(.ARM.Collect$$libshutdown$$0000000E)
    .ARM.Collect$$libshutdown$$0000000F      0x08000266   Section        2  libshutdown2.o(.ARM.Collect$$libshutdown$$0000000F)
    .ARM.Collect$$rtentry$$00000000          0x08000268   Section        0  __rtentry.o(.ARM.Collect$$rtentry$$00000000)
    .ARM.Collect$$rtentry$$00000002          0x08000268   Section        0  __rtentry2.o(.ARM.Collect$$rtentry$$00000002)
    .ARM.Collect$$rtentry$$00000004          0x08000268   Section        6  __rtentry4.o(.ARM.Collect$$rtentry$$00000004)
    .ARM.Collect$$rtentry$$00000009          0x0800026e   Section        0  __rtentry2.o(.ARM.Collect$$rtentry$$00000009)
    .ARM.Collect$$rtentry$$0000000A          0x0800026e   Section        4  __rtentry2.o(.ARM.Collect$$rtentry$$0000000A)
    .ARM.Collect$$rtentry$$0000000C          0x08000272   Section        0  __rtentry2.o(.ARM.Collect$$rtentry$$0000000C)
    .ARM.Collect$$rtentry$$0000000D          0x08000272   Section        8  __rtentry2.o(.ARM.Collect$$rtentry$$0000000D)
    .ARM.Collect$$rtexit$$00000000           0x0800027a   Section        2  rtexit.o(.ARM.Collect$$rtexit$$00000000)
    .ARM.Collect$$rtexit$$00000002           0x0800027c   Section        0  rtexit2.o(.ARM.Collect$$rtexit$$00000002)
    .ARM.Collect$$rtexit$$00000003           0x0800027c   Section        4  rtexit2.o(.ARM.Collect$$rtexit$$00000003)
    .ARM.Collect$$rtexit$$00000004           0x08000280   Section        6  rtexit2.o(.ARM.Collect$$rtexit$$00000004)
    .text                                    0x08000288   Section        0  main.o(.text)
    .text                                    0x08000614   Section        0  stm32f4xx_it.o(.text)
    .text                                    0x08000630   Section        0  system_stm32f4xx.o(.text)
    SetSysClock                              0x08000631   Thumb Code   220  system_stm32f4xx.o(.text)
    .text                                    0x08000840   Section       64  startup_stm32f40_41xxx.o(.text)
    $v0                                      0x08000840   Number         0  startup_stm32f40_41xxx.o(.text)
    .text                                    0x08000880   Section        0  misc.o(.text)
    .text                                    0x08000960   Section        0  stm32f4xx_adc.o(.text)
    .text                                    0x08000dc4   Section        0  stm32f4xx_exti.o(.text)
    .text                                    0x08000ed4   Section        0  stm32f4xx_gpio.o(.text)
    .text                                    0x08001168   Section        0  stm32f4xx_rcc.o(.text)
    .text                                    0x080017c4   Section        0  stm32f4xx_syscfg.o(.text)
    .text                                    0x08001858   Section        0  stm32f4xx_tim.o(.text)
    TI4_Config                               0x08001ff7   Thumb Code    80  stm32f4xx_tim.o(.text)
    TI3_Config                               0x08002059   Thumb Code    72  stm32f4xx_tim.o(.text)
    TI2_Config                               0x080020bb   Thumb Code    90  stm32f4xx_tim.o(.text)
    TI1_Config                               0x08002127   Thumb Code    58  stm32f4xx_tim.o(.text)
    .text                                    0x080024fc   Section        0  stm32f4xx_usart.o(.text)
    .text                                    0x08002950   Section        0  delay.o(.text)
    .text                                    0x08002a54   Section        0  usart.o(.text)
    .text                                    0x08002ba0   Section        0  adc.o(.text)
    .text                                    0x08002e44   Section        0  led.o(.text)
    .text                                    0x08002ea0   Section        0  pwm.o(.text)
    .text                                    0x08003078   Section        0  key.o(.text)
    .text                                    0x080030bc   Section        0  exti.o(.text)
    .text                                    0x080033bc   Section        0  tim.o(.text)
    .text                                    0x080034ec   Section        0  oled.o(.text)
    .text                                    0x080039b0   Section        2  use_no_semi_2.o(.text)
    .text                                    0x080039b4   Section        0  noretval__2sprintf.o(.text)
    .text                                    0x080039dc   Section        0  _printf_dec.o(.text)
    .text                                    0x08003a54   Section        0  __printf_flags_wp.o(.text)
    .text                                    0x08003b8c   Section        0  heapauxi.o(.text)
    .text                                    0x08003b92   Section        2  use_no_semi.o(.text)
    .text                                    0x08003b94   Section        0  _printf_intcommon.o(.text)
    .text                                    0x08003c46   Section        0  _printf_fp_dec.o(.text)
    _fp_digits                               0x08003c49   Thumb Code   428  _printf_fp_dec.o(.text)
    .text                                    0x08004060   Section        0  _printf_char_common.o(.text)
    _printf_input_char                       0x08004061   Thumb Code    10  _printf_char_common.o(.text)
    .text                                    0x08004090   Section        0  _sputc.o(.text)
    .text                                    0x0800409c   Section        8  rt_locale_intlibspace.o(.text)
    .text                                    0x080040a4   Section      138  lludiv10.o(.text)
    .text                                    0x08004130   Section        0  _printf_fp_infnan.o(.text)
    .text                                    0x080041b0   Section        0  bigflt0.o(.text)
    .text                                    0x0800428c   Section        8  libspace.o(.text)
    .text                                    0x08004294   Section       74  sys_stackheap_outer.o(.text)
    .text                                    0x080042de   Section        0  exit.o(.text)
    .text                                    0x080042ec   Section      128  strcmpv7m.o(.text)
    CL$$btod_d2e                             0x0800436c   Section       62  btod.o(CL$$btod_d2e)
    CL$$btod_d2e_denorm_low                  0x080043aa   Section       70  btod.o(CL$$btod_d2e_denorm_low)
    CL$$btod_d2e_norm_op1                    0x080043f0   Section       96  btod.o(CL$$btod_d2e_norm_op1)
    CL$$btod_div_common                      0x08004450   Section      824  btod.o(CL$$btod_div_common)
    CL$$btod_e2e                             0x08004788   Section      198  btod.o(CL$$btod_e2e)
    CL$$btod_ediv                            0x0800484e   Section       40  btod.o(CL$$btod_ediv)
    CL$$btod_emul                            0x08004876   Section       40  btod.o(CL$$btod_emul)
    CL$$btod_mult_common                     0x0800489e   Section      580  btod.o(CL$$btod_mult_common)
    i.__ARM_fpclassify                       0x08004ae2   Section        0  fpclassify.o(i.__ARM_fpclassify)
    i._is_digit                              0x08004b12   Section        0  __printf_wp.o(i._is_digit)
    locale$$code                             0x08004b20   Section       44  lc_numeric_c.o(locale$$code)
    x$fpl$d2f                                0x08004b4c   Section       98  d2f.o(x$fpl$d2f)
    $v0                                      0x08004b4c   Number         0  d2f.o(x$fpl$d2f)
    x$fpl$ddiv                               0x08004bb0   Section      688  ddiv.o(x$fpl$ddiv)
    $v0                                      0x08004bb0   Number         0  ddiv.o(x$fpl$ddiv)
    ddiv_entry                               0x08004bb7   Thumb Code     0  ddiv.o(x$fpl$ddiv)
    x$fpl$dfixu                              0x08004e60   Section       90  dfixu.o(x$fpl$dfixu)
    $v0                                      0x08004e60   Number         0  dfixu.o(x$fpl$dfixu)
    x$fpl$dfltu                              0x08004eba   Section       38  dflt_clz.o(x$fpl$dfltu)
    $v0                                      0x08004eba   Number         0  dflt_clz.o(x$fpl$dfltu)
    x$fpl$dmul                               0x08004ee0   Section      340  dmul.o(x$fpl$dmul)
    $v0                                      0x08004ee0   Number         0  dmul.o(x$fpl$dmul)
    x$fpl$dnaninf                            0x08005034   Section      156  dnaninf.o(x$fpl$dnaninf)
    $v0                                      0x08005034   Number         0  dnaninf.o(x$fpl$dnaninf)
    x$fpl$dretinf                            0x080050d0   Section       12  dretinf.o(x$fpl$dretinf)
    $v0                                      0x080050d0   Number         0  dretinf.o(x$fpl$dretinf)
    x$fpl$f2d                                0x080050dc   Section       86  f2d.o(x$fpl$f2d)
    $v0                                      0x080050dc   Number         0  f2d.o(x$fpl$f2d)
    x$fpl$fnaninf                            0x08005132   Section      140  fnaninf.o(x$fpl$fnaninf)
    $v0                                      0x08005132   Number         0  fnaninf.o(x$fpl$fnaninf)
    x$fpl$fpinit                             0x080051be   Section       10  fpinit.o(x$fpl$fpinit)
    $v0                                      0x080051be   Number         0  fpinit.o(x$fpl$fpinit)
    x$fpl$fretinf                            0x080051c8   Section       10  fretinf.o(x$fpl$fretinf)
    $v0                                      0x080051c8   Number         0  fretinf.o(x$fpl$fretinf)
    x$fpl$printf1                            0x080051d2   Section        4  printf1.o(x$fpl$printf1)
    $v0                                      0x080051d2   Number         0  printf1.o(x$fpl$printf1)
    .constdata                               0x080051d6   Section     2072  oled.o(.constdata)
    x$fpl$usenofp                            0x080051d6   Section        0  usenofp.o(x$fpl$usenofp)
    .constdata                               0x080059ee   Section       17  __printf_flags_wp.o(.constdata)
    maptable                                 0x080059ee   Data          17  __printf_flags_wp.o(.constdata)
    .constdata                               0x08005a00   Section      148  bigflt0.o(.constdata)
    tenpwrs_x                                0x08005a00   Data          60  bigflt0.o(.constdata)
    tenpwrs_i                                0x08005a3c   Data          64  bigflt0.o(.constdata)
    locale$$data                             0x08005ab4   Section       28  lc_numeric_c.o(locale$$data)
    __lcnum_c_name                           0x08005ab8   Data           2  lc_numeric_c.o(locale$$data)
    __lcnum_c_start                          0x08005ac0   Data           0  lc_numeric_c.o(locale$$data)
    __lcnum_c_point                          0x08005acc   Data           0  lc_numeric_c.o(locale$$data)
    __lcnum_c_thousands                      0x08005ace   Data           0  lc_numeric_c.o(locale$$data)
    __lcnum_c_grouping                       0x08005acf   Data           0  lc_numeric_c.o(locale$$data)
    __lcnum_c_end                            0x08005ad0   Data           0  lc_numeric_c.o(locale$$data)
    .data                                    0x20000000   Section       20  system_stm32f4xx.o(.data)
    .data                                    0x20000014   Section       16  stm32f4xx_rcc.o(.data)
    APBAHBPrescTable                         0x20000014   Data          16  stm32f4xx_rcc.o(.data)
    .data                                    0x20000024   Section        4  delay.o(.data)
    fac_us                                   0x20000024   Data           1  delay.o(.data)
    fac_ms                                   0x20000026   Data           2  delay.o(.data)
    .data                                    0x20000028   Section        6  usart.o(.data)
    .data                                    0x20000030   Section       28  pwm.o(.data)
    .data                                    0x2000004c   Section        4  key.o(.data)
    .data                                    0x20000050   Section        4  exti.o(.data)
    .data                                    0x20000054   Section      448  oled.o(.data)
    .bss                                     0x20000214   Section      200  usart.o(.bss)
    .bss                                     0x200002dc   Section       96  libspace.o(.bss)
    HEAP                                     0x20000340   Section      512  startup_stm32f40_41xxx.o(HEAP)
    Heap_Mem                                 0x20000340   Data         512  startup_stm32f40_41xxx.o(HEAP)
    STACK                                    0x20000540   Section     1024  startup_stm32f40_41xxx.o(STACK)
    Stack_Mem                                0x20000540   Data        1024  startup_stm32f40_41xxx.o(STACK)
    __initial_sp                             0x20000940   Data           0  startup_stm32f40_41xxx.o(STACK)

    Global Symbols

    Symbol Name                              Value     Ov Type        Size  Object(Section)

    BuildAttributes$$THM_ISAv4$E$P$D$K$B$S$7EM$VFPi3$EXTD16$VFPS$VFMA$PE$A:L22UL41UL21$X:L11$S22US41US21$IEEE1$IW$USESV6$~STKCKD$USESV7$~SHL$OTIME$ROPI$IEEEJ$EBA8$UX$STANDARDLIB$REQ8$PRES8$EABIv2 0x00000000   Number         0  anon$$obj.o ABSOLUTE
    __ARM_use_no_argv                        0x00000000   Number         0  main.o ABSOLUTE
    _printf_flags                            0x00000000   Number         0  printf_stubs.o ABSOLUTE
    _printf_return_value                     0x00000000   Number         0  printf_stubs.o ABSOLUTE
    _printf_sizespec                         0x00000000   Number         0  printf_stubs.o ABSOLUTE
    _printf_widthprec                        0x00000000   Number         0  printf_stubs.o ABSOLUTE
    __ARM_exceptions_init                     - Undefined Weak Reference
    __alloca_initialize                       - Undefined Weak Reference
    __arm_preinit_                            - Undefined Weak Reference
    __cpp_initialize__aeabi_                  - Undefined Weak Reference
    __cxa_finalize                            - Undefined Weak Reference
    __sigvec_lookup                           - Undefined Weak Reference
    _atexit_init                              - Undefined Weak Reference
    _call_atexit_fns                          - Undefined Weak Reference
    _clock_init                               - Undefined Weak Reference
    _fp_trap_init                             - Undefined Weak Reference
    _fp_trap_shutdown                         - Undefined Weak Reference
    _get_lc_collate                           - Undefined Weak Reference
    _get_lc_ctype                             - Undefined Weak Reference
    _get_lc_monetary                          - Undefined Weak Reference
    _get_lc_time                              - Undefined Weak Reference
    _getenv_init                              - Undefined Weak Reference
    _handle_redirection                       - Undefined Weak Reference
    _init_alloc                               - Undefined Weak Reference
    _init_user_alloc                          - Undefined Weak Reference
    _initio                                   - Undefined Weak Reference
    _printf_post_padding                      - Undefined Weak Reference
    _printf_pre_padding                       - Undefined Weak Reference
    _printf_truncate_signed                   - Undefined Weak Reference
    _printf_truncate_unsigned                 - Undefined Weak Reference
    _rand_init                                - Undefined Weak Reference
    _signal_finish                            - Undefined Weak Reference
    _signal_init                              - Undefined Weak Reference
    _terminate_alloc                          - Undefined Weak Reference
    _terminate_user_alloc                     - Undefined Weak Reference
    _terminateio                              - Undefined Weak Reference
    __Vectors_Size                           0x00000188   Number         0  startup_stm32f40_41xxx.o ABSOLUTE
    __Vectors                                0x08000000   Data           4  startup_stm32f40_41xxx.o(RESET)
    __Vectors_End                            0x08000188   Data           0  startup_stm32f40_41xxx.o(RESET)
    __main                                   0x08000189   Thumb Code     8  __main.o(!!!main)
    __scatterload                            0x08000191   Thumb Code     0  __scatter.o(!!!scatter)
    __scatterload_rt2                        0x08000191   Thumb Code    44  __scatter.o(!!!scatter)
    __scatterload_rt2_thumb_only             0x08000191   Thumb Code     0  __scatter.o(!!!scatter)
    __scatterload_null                       0x0800019f   Thumb Code     0  __scatter.o(!!!scatter)
    __decompress                             0x080001c5   Thumb Code    90  __dczerorl2.o(!!dczerorl2)
    __decompress1                            0x080001c5   Thumb Code     0  __dczerorl2.o(!!dczerorl2)
    __scatterload_zeroinit                   0x08000221   Thumb Code    28  __scatter_zi.o(!!handler_zi)
    _printf_f                                0x0800023d   Thumb Code     0  _printf_f.o(.ARM.Collect$$_printf_percent$$00000003)
    _printf_percent                          0x0800023d   Thumb Code     0  _printf_percent.o(.ARM.Collect$$_printf_percent$$00000000)
    _printf_d                                0x08000243   Thumb Code     0  _printf_d.o(.ARM.Collect$$_printf_percent$$00000009)
    _printf_percent_end                      0x08000249   Thumb Code     0  _printf_percent_end.o(.ARM.Collect$$_printf_percent$$00000017)
    __rt_lib_init                            0x0800024d   Thumb Code     0  libinit.o(.ARM.Collect$$libinit$$00000000)
    __rt_lib_init_fp_1                       0x0800024f   Thumb Code     0  libinit2.o(.ARM.Collect$$libinit$$00000001)
    __rt_lib_init_heap_1                     0x08000253   Thumb Code     0  libinit2.o(.ARM.Collect$$libinit$$0000000A)
    __rt_lib_init_lc_common                  0x08000253   Thumb Code     0  libinit2.o(.ARM.Collect$$libinit$$0000000F)
    __rt_lib_init_preinit_1                  0x08000253   Thumb Code     0  libinit2.o(.ARM.Collect$$libinit$$00000004)
    __rt_lib_init_rand_1                     0x08000253   Thumb Code     0  libinit2.o(.ARM.Collect$$libinit$$0000000E)
    __rt_lib_init_user_alloc_1               0x08000253   Thumb Code     0  libinit2.o(.ARM.Collect$$libinit$$0000000C)
    __rt_lib_init_lc_collate_1               0x08000259   Thumb Code     0  libinit2.o(.ARM.Collect$$libinit$$00000011)
    __rt_lib_init_lc_ctype_1                 0x08000259   Thumb Code     0  libinit2.o(.ARM.Collect$$libinit$$00000013)
    __rt_lib_init_lc_monetary_1              0x08000259   Thumb Code     0  libinit2.o(.ARM.Collect$$libinit$$00000015)
    __rt_lib_init_lc_numeric_2               0x08000259   Thumb Code     0  libinit2.o(.ARM.Collect$$libinit$$00000016)
    __rt_lib_init_alloca_1                   0x08000263   Thumb Code     0  libinit2.o(.ARM.Collect$$libinit$$0000002E)
    __rt_lib_init_argv_1                     0x08000263   Thumb Code     0  libinit2.o(.ARM.Collect$$libinit$$0000002C)
    __rt_lib_init_atexit_1                   0x08000263   Thumb Code     0  libinit2.o(.ARM.Collect$$libinit$$0000001B)
    __rt_lib_init_clock_1                    0x08000263   Thumb Code     0  libinit2.o(.ARM.Collect$$libinit$$00000021)
    __rt_lib_init_cpp_1                      0x08000263   Thumb Code     0  libinit2.o(.ARM.Collect$$libinit$$00000032)
    __rt_lib_init_exceptions_1               0x08000263   Thumb Code     0  libinit2.o(.ARM.Collect$$libinit$$00000030)
    __rt_lib_init_fp_trap_1                  0x08000263   Thumb Code     0  libinit2.o(.ARM.Collect$$libinit$$0000001F)
    __rt_lib_init_getenv_1                   0x08000263   Thumb Code     0  libinit2.o(.ARM.Collect$$libinit$$00000023)
    __rt_lib_init_lc_numeric_1               0x08000263   Thumb Code     0  libinit2.o(.ARM.Collect$$libinit$$00000017)
    __rt_lib_init_lc_time_1                  0x08000263   Thumb Code     0  libinit2.o(.ARM.Collect$$libinit$$00000019)
    __rt_lib_init_return                     0x08000263   Thumb Code     0  libinit2.o(.ARM.Collect$$libinit$$00000033)
    __rt_lib_init_signal_1                   0x08000263   Thumb Code     0  libinit2.o(.ARM.Collect$$libinit$$0000001D)
    __rt_lib_init_stdio_1                    0x08000263   Thumb Code     0  libinit2.o(.ARM.Collect$$libinit$$00000025)
    __rt_lib_shutdown                        0x08000265   Thumb Code     0  libshutdown.o(.ARM.Collect$$libshutdown$$00000000)
    __rt_lib_shutdown_fp_trap_1              0x08000267   Thumb Code     0  libshutdown2.o(.ARM.Collect$$libshutdown$$00000006)
    __rt_lib_shutdown_heap_1                 0x08000267   Thumb Code     0  libshutdown2.o(.ARM.Collect$$libshutdown$$0000000E)
    __rt_lib_shutdown_return                 0x08000267   Thumb Code     0  libshutdown2.o(.ARM.Collect$$libshutdown$$0000000F)
    __rt_lib_shutdown_signal_1               0x08000267   Thumb Code     0  libshutdown2.o(.ARM.Collect$$libshutdown$$00000009)
    __rt_lib_shutdown_stdio_1                0x08000267   Thumb Code     0  libshutdown2.o(.ARM.Collect$$libshutdown$$00000003)
    __rt_lib_shutdown_user_alloc_1           0x08000267   Thumb Code     0  libshutdown2.o(.ARM.Collect$$libshutdown$$0000000B)
    __rt_entry                               0x08000269   Thumb Code     0  __rtentry.o(.ARM.Collect$$rtentry$$00000000)
    __rt_entry_presh_1                       0x08000269   Thumb Code     0  __rtentry2.o(.ARM.Collect$$rtentry$$00000002)
    __rt_entry_sh                            0x08000269   Thumb Code     0  __rtentry4.o(.ARM.Collect$$rtentry$$00000004)
    __rt_entry_li                            0x0800026f   Thumb Code     0  __rtentry2.o(.ARM.Collect$$rtentry$$0000000A)
    __rt_entry_postsh_1                      0x0800026f   Thumb Code     0  __rtentry2.o(.ARM.Collect$$rtentry$$00000009)
    __rt_entry_main                          0x08000273   Thumb Code     0  __rtentry2.o(.ARM.Collect$$rtentry$$0000000D)
    __rt_entry_postli_1                      0x08000273   Thumb Code     0  __rtentry2.o(.ARM.Collect$$rtentry$$0000000C)
    __rt_exit                                0x0800027b   Thumb Code     0  rtexit.o(.ARM.Collect$$rtexit$$00000000)
    __rt_exit_ls                             0x0800027d   Thumb Code     0  rtexit2.o(.ARM.Collect$$rtexit$$00000003)
    __rt_exit_prels_1                        0x0800027d   Thumb Code     0  rtexit2.o(.ARM.Collect$$rtexit$$00000002)
    __rt_exit_exit                           0x08000281   Thumb Code     0  rtexit2.o(.ARM.Collect$$rtexit$$00000004)
    main                                     0x08000289   Thumb Code   730  main.o(.text)
    NMI_Handler                              0x08000615   Thumb Code     2  stm32f4xx_it.o(.text)
    HardFault_Handler                        0x08000617   Thumb Code     4  stm32f4xx_it.o(.text)
    MemManage_Handler                        0x0800061b   Thumb Code     4  stm32f4xx_it.o(.text)
    BusFault_Handler                         0x0800061f   Thumb Code     4  stm32f4xx_it.o(.text)
    UsageFault_Handler                       0x08000623   Thumb Code     4  stm32f4xx_it.o(.text)
    SVC_Handler                              0x08000627   Thumb Code     2  stm32f4xx_it.o(.text)
    DebugMon_Handler                         0x08000629   Thumb Code     2  stm32f4xx_it.o(.text)
    PendSV_Handler                           0x0800062b   Thumb Code     2  stm32f4xx_it.o(.text)
    SysTick_Handler                          0x0800062d   Thumb Code     2  stm32f4xx_it.o(.text)
    SystemInit                               0x0800070d   Thumb Code    88  system_stm32f4xx.o(.text)
    SystemCoreClockUpdate                    0x08000765   Thumb Code   174  system_stm32f4xx.o(.text)
    Reset_Handler                            0x08000841   Thumb Code     8  startup_stm32f40_41xxx.o(.text)
    ADC_IRQHandler                           0x0800085b   Thumb Code     0  startup_stm32f40_41xxx.o(.text)
    CAN1_RX0_IRQHandler                      0x0800085b   Thumb Code     0  startup_stm32f40_41xxx.o(.text)
    CAN1_RX1_IRQHandler                      0x0800085b   Thumb Code     0  startup_stm32f40_41xxx.o(.text)
    CAN1_SCE_IRQHandler                      0x0800085b   Thumb Code     0  startup_stm32f40_41xxx.o(.text)
    CAN1_TX_IRQHandler                       0x0800085b   Thumb Code     0  startup_stm32f40_41xxx.o(.text)
    CAN2_RX0_IRQHandler                      0x0800085b   Thumb Code     0  startup_stm32f40_41xxx.o(.text)
    CAN2_RX1_IRQHandler                      0x0800085b   Thumb Code     0  startup_stm32f40_41xxx.o(.text)
    CAN2_SCE_IRQHandler                      0x0800085b   Thumb Code     0  startup_stm32f40_41xxx.o(.text)
    CAN2_TX_IRQHandler                       0x0800085b   Thumb Code     0  startup_stm32f40_41xxx.o(.text)
    CRYP_IRQHandler                          0x0800085b   Thumb Code     0  startup_stm32f40_41xxx.o(.text)
    DCMI_IRQHandler                          0x0800085b   Thumb Code     0  startup_stm32f40_41xxx.o(.text)
    DMA1_Stream0_IRQHandler                  0x0800085b   Thumb Code     0  startup_stm32f40_41xxx.o(.text)
    DMA1_Stream1_IRQHandler                  0x0800085b   Thumb Code     0  startup_stm32f40_41xxx.o(.text)
    DMA1_Stream2_IRQHandler                  0x0800085b   Thumb Code     0  startup_stm32f40_41xxx.o(.text)
    DMA1_Stream3_IRQHandler                  0x0800085b   Thumb Code     0  startup_stm32f40_41xxx.o(.text)
    DMA1_Stream4_IRQHandler                  0x0800085b   Thumb Code     0  startup_stm32f40_41xxx.o(.text)
    DMA1_Stream5_IRQHandler                  0x0800085b   Thumb Code     0  startup_stm32f40_41xxx.o(.text)
    DMA1_Stream6_IRQHandler                  0x0800085b   Thumb Code     0  startup_stm32f40_41xxx.o(.text)
    DMA1_Stream7_IRQHandler                  0x0800085b   Thumb Code     0  startup_stm32f40_41xxx.o(.text)
    DMA2_Stream0_IRQHandler                  0x0800085b   Thumb Code     0  startup_stm32f40_41xxx.o(.text)
    DMA2_Stream1_IRQHandler                  0x0800085b   Thumb Code     0  startup_stm32f40_41xxx.o(.text)
    DMA2_Stream2_IRQHandler                  0x0800085b   Thumb Code     0  startup_stm32f40_41xxx.o(.text)
    DMA2_Stream3_IRQHandler                  0x0800085b   Thumb Code     0  startup_stm32f40_41xxx.o(.text)
    DMA2_Stream4_IRQHandler                  0x0800085b   Thumb Code     0  startup_stm32f40_41xxx.o(.text)
    DMA2_Stream5_IRQHandler                  0x0800085b   Thumb Code     0  startup_stm32f40_41xxx.o(.text)
    DMA2_Stream6_IRQHandler                  0x0800085b   Thumb Code     0  startup_stm32f40_41xxx.o(.text)
    DMA2_Stream7_IRQHandler                  0x0800085b   Thumb Code     0  startup_stm32f40_41xxx.o(.text)
    ETH_IRQHandler                           0x0800085b   Thumb Code     0  startup_stm32f40_41xxx.o(.text)
    ETH_WKUP_IRQHandler                      0x0800085b   Thumb Code     0  startup_stm32f40_41xxx.o(.text)
    EXTI15_10_IRQHandler                     0x0800085b   Thumb Code     0  startup_stm32f40_41xxx.o(.text)
    EXTI1_IRQHandler                         0x0800085b   Thumb Code     0  startup_stm32f40_41xxx.o(.text)
    EXTI9_5_IRQHandler                       0x0800085b   Thumb Code     0  startup_stm32f40_41xxx.o(.text)
    FLASH_IRQHandler                         0x0800085b   Thumb Code     0  startup_stm32f40_41xxx.o(.text)
    FPU_IRQHandler                           0x0800085b   Thumb Code     0  startup_stm32f40_41xxx.o(.text)
    FSMC_IRQHandler                          0x0800085b   Thumb Code     0  startup_stm32f40_41xxx.o(.text)
    HASH_RNG_IRQHandler                      0x0800085b   Thumb Code     0  startup_stm32f40_41xxx.o(.text)
    I2C1_ER_IRQHandler                       0x0800085b   Thumb Code     0  startup_stm32f40_41xxx.o(.text)
    I2C1_EV_IRQHandler                       0x0800085b   Thumb Code     0  startup_stm32f40_41xxx.o(.text)
    I2C2_ER_IRQHandler                       0x0800085b   Thumb Code     0  startup_stm32f40_41xxx.o(.text)
    I2C2_EV_IRQHandler                       0x0800085b   Thumb Code     0  startup_stm32f40_41xxx.o(.text)
    I2C3_ER_IRQHandler                       0x0800085b   Thumb Code     0  startup_stm32f40_41xxx.o(.text)
    I2C3_EV_IRQHandler                       0x0800085b   Thumb Code     0  startup_stm32f40_41xxx.o(.text)
    OTG_FS_IRQHandler                        0x0800085b   Thumb Code     0  startup_stm32f40_41xxx.o(.text)
    OTG_FS_WKUP_IRQHandler                   0x0800085b   Thumb Code     0  startup_stm32f40_41xxx.o(.text)
    OTG_HS_EP1_IN_IRQHandler                 0x0800085b   Thumb Code     0  startup_stm32f40_41xxx.o(.text)
    OTG_HS_EP1_OUT_IRQHandler                0x0800085b   Thumb Code     0  startup_stm32f40_41xxx.o(.text)
    OTG_HS_IRQHandler                        0x0800085b   Thumb Code     0  startup_stm32f40_41xxx.o(.text)
    OTG_HS_WKUP_IRQHandler                   0x0800085b   Thumb Code     0  startup_stm32f40_41xxx.o(.text)
    PVD_IRQHandler                           0x0800085b   Thumb Code     0  startup_stm32f40_41xxx.o(.text)
    RCC_IRQHandler                           0x0800085b   Thumb Code     0  startup_stm32f40_41xxx.o(.text)
    RTC_Alarm_IRQHandler                     0x0800085b   Thumb Code     0  startup_stm32f40_41xxx.o(.text)
    RTC_WKUP_IRQHandler                      0x0800085b   Thumb Code     0  startup_stm32f40_41xxx.o(.text)
    SDIO_IRQHandler                          0x0800085b   Thumb Code     0  startup_stm32f40_41xxx.o(.text)
    SPI1_IRQHandler                          0x0800085b   Thumb Code     0  startup_stm32f40_41xxx.o(.text)
    SPI2_IRQHandler                          0x0800085b   Thumb Code     0  startup_stm32f40_41xxx.o(.text)
    SPI3_IRQHandler                          0x0800085b   Thumb Code     0  startup_stm32f40_41xxx.o(.text)
    TAMP_STAMP_IRQHandler                    0x0800085b   Thumb Code     0  startup_stm32f40_41xxx.o(.text)
    TIM1_BRK_TIM9_IRQHandler                 0x0800085b   Thumb Code     0  startup_stm32f40_41xxx.o(.text)
    TIM1_CC_IRQHandler                       0x0800085b   Thumb Code     0  startup_stm32f40_41xxx.o(.text)
    TIM1_TRG_COM_TIM11_IRQHandler            0x0800085b   Thumb Code     0  startup_stm32f40_41xxx.o(.text)
    TIM1_UP_TIM10_IRQHandler                 0x0800085b   Thumb Code     0  startup_stm32f40_41xxx.o(.text)
    TIM2_IRQHandler                          0x0800085b   Thumb Code     0  startup_stm32f40_41xxx.o(.text)
    TIM3_IRQHandler                          0x0800085b   Thumb Code     0  startup_stm32f40_41xxx.o(.text)
    TIM6_DAC_IRQHandler                      0x0800085b   Thumb Code     0  startup_stm32f40_41xxx.o(.text)
    TIM7_IRQHandler                          0x0800085b   Thumb Code     0  startup_stm32f40_41xxx.o(.text)
    TIM8_BRK_TIM12_IRQHandler                0x0800085b   Thumb Code     0  startup_stm32f40_41xxx.o(.text)
    TIM8_CC_IRQHandler                       0x0800085b   Thumb Code     0  startup_stm32f40_41xxx.o(.text)
    TIM8_TRG_COM_TIM14_IRQHandler            0x0800085b   Thumb Code     0  startup_stm32f40_41xxx.o(.text)
    TIM8_UP_TIM13_IRQHandler                 0x0800085b   Thumb Code     0  startup_stm32f40_41xxx.o(.text)
    UART4_IRQHandler                         0x0800085b   Thumb Code     0  startup_stm32f40_41xxx.o(.text)
    UART5_IRQHandler                         0x0800085b   Thumb Code     0  startup_stm32f40_41xxx.o(.text)
    USART2_IRQHandler                        0x0800085b   Thumb Code     0  startup_stm32f40_41xxx.o(.text)
    USART3_IRQHandler                        0x0800085b   Thumb Code     0  startup_stm32f40_41xxx.o(.text)
    USART6_IRQHandler                        0x0800085b   Thumb Code     0  startup_stm32f40_41xxx.o(.text)
    WWDG_IRQHandler                          0x0800085b   Thumb Code     0  startup_stm32f40_41xxx.o(.text)
    __user_initial_stackheap                 0x0800085d   Thumb Code     0  startup_stm32f40_41xxx.o(.text)
    NVIC_PriorityGroupConfig                 0x08000881   Thumb Code    10  misc.o(.text)
    NVIC_Init                                0x0800088b   Thumb Code   106  misc.o(.text)
    NVIC_SetVectorTable                      0x080008f5   Thumb Code    14  misc.o(.text)
    NVIC_SystemLPConfig                      0x08000903   Thumb Code    34  misc.o(.text)
    SysTick_CLKSourceConfig                  0x08000925   Thumb Code    40  misc.o(.text)
    ADC_DeInit                               0x08000961   Thumb Code    22  stm32f4xx_adc.o(.text)
    ADC_Init                                 0x08000977   Thumb Code    74  stm32f4xx_adc.o(.text)
    ADC_StructInit                           0x080009c1   Thumb Code    20  stm32f4xx_adc.o(.text)
    ADC_CommonInit                           0x080009d5   Thumb Code    34  stm32f4xx_adc.o(.text)
    ADC_CommonStructInit                     0x080009f7   Thumb Code    12  stm32f4xx_adc.o(.text)
    ADC_Cmd                                  0x08000a03   Thumb Code    22  stm32f4xx_adc.o(.text)
    ADC_AnalogWatchdogCmd                    0x08000a19   Thumb Code    16  stm32f4xx_adc.o(.text)
    ADC_AnalogWatchdogThresholdsConfig       0x08000a29   Thumb Code     6  stm32f4xx_adc.o(.text)
    ADC_AnalogWatchdogSingleChannelConfig    0x08000a2f   Thumb Code    16  stm32f4xx_adc.o(.text)
    ADC_TempSensorVrefintCmd                 0x08000a3f   Thumb Code    34  stm32f4xx_adc.o(.text)
    ADC_VBATCmd                              0x08000a61   Thumb Code    34  stm32f4xx_adc.o(.text)
    ADC_RegularChannelConfig                 0x08000a83   Thumb Code   184  stm32f4xx_adc.o(.text)
    ADC_SoftwareStartConv                    0x08000b3b   Thumb Code    10  stm32f4xx_adc.o(.text)
    ADC_GetSoftwareStartConvStatus           0x08000b45   Thumb Code    20  stm32f4xx_adc.o(.text)
    ADC_EOCOnEachRegularChannelCmd           0x08000b59   Thumb Code    22  stm32f4xx_adc.o(.text)
    ADC_ContinuousModeCmd                    0x08000b6f   Thumb Code    22  stm32f4xx_adc.o(.text)
    ADC_DiscModeChannelCountConfig           0x08000b85   Thumb Code    24  stm32f4xx_adc.o(.text)
    ADC_DiscModeCmd                          0x08000b9d   Thumb Code    22  stm32f4xx_adc.o(.text)
    ADC_GetConversionValue                   0x08000bb3   Thumb Code     8  stm32f4xx_adc.o(.text)
    ADC_GetMultiModeConversionValue          0x08000bbb   Thumb Code     8  stm32f4xx_adc.o(.text)
    ADC_DMACmd                               0x08000bc3   Thumb Code    22  stm32f4xx_adc.o(.text)
    ADC_DMARequestAfterLastTransferCmd       0x08000bd9   Thumb Code    22  stm32f4xx_adc.o(.text)
    ADC_MultiModeDMARequestAfterLastTransferCmd 0x08000bef   Thumb Code    34  stm32f4xx_adc.o(.text)
    ADC_InjectedChannelConfig                0x08000c11   Thumb Code   130  stm32f4xx_adc.o(.text)
    ADC_InjectedSequencerLengthConfig        0x08000c93   Thumb Code    24  stm32f4xx_adc.o(.text)
    ADC_SetInjectedOffset                    0x08000cab   Thumb Code    20  stm32f4xx_adc.o(.text)
    ADC_ExternalTrigInjectedConvConfig       0x08000cbf   Thumb Code    16  stm32f4xx_adc.o(.text)
    ADC_ExternalTrigInjectedConvEdgeConfig   0x08000ccf   Thumb Code    16  stm32f4xx_adc.o(.text)
    ADC_SoftwareStartInjectedConv            0x08000cdf   Thumb Code    10  stm32f4xx_adc.o(.text)
    ADC_GetSoftwareStartInjectedConvCmdStatus 0x08000ce9   Thumb Code    20  stm32f4xx_adc.o(.text)
    ADC_AutoInjectedConvCmd                  0x08000cfd   Thumb Code    22  stm32f4xx_adc.o(.text)
    ADC_InjectedDiscModeCmd                  0x08000d13   Thumb Code    22  stm32f4xx_adc.o(.text)
    ADC_GetInjectedConversionValue           0x08000d29   Thumb Code    28  stm32f4xx_adc.o(.text)
    ADC_ITConfig                             0x08000d45   Thumb Code    56  stm32f4xx_adc.o(.text)
    ADC_GetFlagStatus                        0x08000d7d   Thumb Code    18  stm32f4xx_adc.o(.text)
    ADC_ClearFlag                            0x08000d8f   Thumb Code     6  stm32f4xx_adc.o(.text)
    ADC_GetITStatus                          0x08000d95   Thumb Code    38  stm32f4xx_adc.o(.text)
    ADC_ClearITPendingBit                    0x08000dbb   Thumb Code    10  stm32f4xx_adc.o(.text)
    EXTI_DeInit                              0x08000dc5   Thumb Code    28  stm32f4xx_exti.o(.text)
    EXTI_Init                                0x08000de1   Thumb Code   142  stm32f4xx_exti.o(.text)
    EXTI_StructInit                          0x08000e6f   Thumb Code    16  stm32f4xx_exti.o(.text)
    EXTI_GenerateSWInterrupt                 0x08000e7f   Thumb Code    16  stm32f4xx_exti.o(.text)
    EXTI_GetFlagStatus                       0x08000e8f   Thumb Code    22  stm32f4xx_exti.o(.text)
    EXTI_ClearFlag                           0x08000ea5   Thumb Code     8  stm32f4xx_exti.o(.text)
    EXTI_GetITStatus                         0x08000ead   Thumb Code    22  stm32f4xx_exti.o(.text)
    EXTI_ClearITPendingBit                   0x08000ec3   Thumb Code     8  stm32f4xx_exti.o(.text)
    GPIO_DeInit                              0x08000ed5   Thumb Code   268  stm32f4xx_gpio.o(.text)
    GPIO_Init                                0x08000fe1   Thumb Code   144  stm32f4xx_gpio.o(.text)
    GPIO_StructInit                          0x08001071   Thumb Code    18  stm32f4xx_gpio.o(.text)
    GPIO_PinLockConfig                       0x08001083   Thumb Code    34  stm32f4xx_gpio.o(.text)
    GPIO_ReadInputDataBit                    0x080010a5   Thumb Code    18  stm32f4xx_gpio.o(.text)
    GPIO_ReadInputData                       0x080010b7   Thumb Code     8  stm32f4xx_gpio.o(.text)
    GPIO_ReadOutputDataBit                   0x080010bf   Thumb Code    18  stm32f4xx_gpio.o(.text)
    GPIO_ReadOutputData                      0x080010d1   Thumb Code     8  stm32f4xx_gpio.o(.text)
    GPIO_SetBits                             0x080010d9   Thumb Code     4  stm32f4xx_gpio.o(.text)
    GPIO_ResetBits                           0x080010dd   Thumb Code     4  stm32f4xx_gpio.o(.text)
    GPIO_WriteBit                            0x080010e1   Thumb Code    10  stm32f4xx_gpio.o(.text)
    GPIO_Write                               0x080010eb   Thumb Code     4  stm32f4xx_gpio.o(.text)
    GPIO_ToggleBits                          0x080010ef   Thumb Code     8  stm32f4xx_gpio.o(.text)
    GPIO_PinAFConfig                         0x080010f7   Thumb Code    70  stm32f4xx_gpio.o(.text)
    RCC_DeInit                               0x08001169   Thumb Code    82  stm32f4xx_rcc.o(.text)
    RCC_HSEConfig                            0x080011bb   Thumb Code    14  stm32f4xx_rcc.o(.text)
    RCC_GetFlagStatus                        0x080011c9   Thumb Code    60  stm32f4xx_rcc.o(.text)
    RCC_WaitForHSEStartUp                    0x08001205   Thumb Code    56  stm32f4xx_rcc.o(.text)
    RCC_AdjustHSICalibrationValue            0x0800123d   Thumb Code    20  stm32f4xx_rcc.o(.text)
    RCC_HSICmd                               0x08001251   Thumb Code     6  stm32f4xx_rcc.o(.text)
    RCC_LSEConfig                            0x08001257   Thumb Code    46  stm32f4xx_rcc.o(.text)
    RCC_LSICmd                               0x08001285   Thumb Code     6  stm32f4xx_rcc.o(.text)
    RCC_PLLConfig                            0x0800128b   Thumb Code    32  stm32f4xx_rcc.o(.text)
    RCC_PLLCmd                               0x080012ab   Thumb Code     6  stm32f4xx_rcc.o(.text)
    RCC_PLLI2SConfig                         0x080012b1   Thumb Code    14  stm32f4xx_rcc.o(.text)
    RCC_PLLI2SCmd                            0x080012bf   Thumb Code     6  stm32f4xx_rcc.o(.text)
    RCC_PLLSAIConfig                         0x080012c5   Thumb Code    20  stm32f4xx_rcc.o(.text)
    RCC_PLLSAICmd                            0x080012d9   Thumb Code     6  stm32f4xx_rcc.o(.text)
    RCC_ClockSecuritySystemCmd               0x080012df   Thumb Code     6  stm32f4xx_rcc.o(.text)
    RCC_MCO1Config                           0x080012e5   Thumb Code    28  stm32f4xx_rcc.o(.text)
    RCC_MCO2Config                           0x08001301   Thumb Code    28  stm32f4xx_rcc.o(.text)
    RCC_SYSCLKConfig                         0x0800131d   Thumb Code    20  stm32f4xx_rcc.o(.text)
    RCC_GetSYSCLKSource                      0x08001331   Thumb Code    12  stm32f4xx_rcc.o(.text)
    RCC_HCLKConfig                           0x0800133d   Thumb Code    20  stm32f4xx_rcc.o(.text)
    RCC_PCLK1Config                          0x08001351   Thumb Code    20  stm32f4xx_rcc.o(.text)
    RCC_PCLK2Config                          0x08001365   Thumb Code    22  stm32f4xx_rcc.o(.text)
    RCC_GetClocksFreq                        0x0800137b   Thumb Code   222  stm32f4xx_rcc.o(.text)
    RCC_RTCCLKConfig                         0x08001459   Thumb Code    54  stm32f4xx_rcc.o(.text)
    RCC_RTCCLKCmd                            0x0800148f   Thumb Code     8  stm32f4xx_rcc.o(.text)
    RCC_BackupResetCmd                       0x08001497   Thumb Code     8  stm32f4xx_rcc.o(.text)
    RCC_I2SCLKConfig                         0x0800149f   Thumb Code     6  stm32f4xx_rcc.o(.text)
    RCC_SAIPLLI2SClkDivConfig                0x080014a5   Thumb Code    26  stm32f4xx_rcc.o(.text)
    RCC_SAIPLLSAIClkDivConfig                0x080014bf   Thumb Code    28  stm32f4xx_rcc.o(.text)
    RCC_SAIBlockACLKConfig                   0x080014db   Thumb Code    20  stm32f4xx_rcc.o(.text)
    RCC_SAIBlockBCLKConfig                   0x080014ef   Thumb Code    20  stm32f4xx_rcc.o(.text)
    RCC_LTDCCLKDivConfig                     0x08001503   Thumb Code    20  stm32f4xx_rcc.o(.text)
    RCC_TIMCLKPresConfig                     0x08001517   Thumb Code     6  stm32f4xx_rcc.o(.text)
    RCC_AHB1PeriphClockCmd                   0x0800151d   Thumb Code    34  stm32f4xx_rcc.o(.text)
    RCC_AHB2PeriphClockCmd                   0x0800153f   Thumb Code    78  stm32f4xx_rcc.o(.text)
    RCC_AHB3PeriphClockCmd                   0x0800158d   Thumb Code    34  stm32f4xx_rcc.o(.text)
    RCC_APB1PeriphClockCmd                   0x080015af   Thumb Code    34  stm32f4xx_rcc.o(.text)
    RCC_APB2PeriphClockCmd                   0x080015d1   Thumb Code    34  stm32f4xx_rcc.o(.text)
    RCC_AHB1PeriphResetCmd                   0x080015f3   Thumb Code    34  stm32f4xx_rcc.o(.text)
    RCC_AHB2PeriphResetCmd                   0x08001615   Thumb Code    34  stm32f4xx_rcc.o(.text)
    RCC_AHB3PeriphResetCmd                   0x08001637   Thumb Code    34  stm32f4xx_rcc.o(.text)
    RCC_APB1PeriphResetCmd                   0x08001659   Thumb Code    34  stm32f4xx_rcc.o(.text)
    RCC_APB2PeriphResetCmd                   0x0800167b   Thumb Code    34  stm32f4xx_rcc.o(.text)
    RCC_AHB1PeriphClockLPModeCmd             0x0800169d   Thumb Code    34  stm32f4xx_rcc.o(.text)
    RCC_AHB2PeriphClockLPModeCmd             0x080016bf   Thumb Code    34  stm32f4xx_rcc.o(.text)
    RCC_AHB3PeriphClockLPModeCmd             0x080016e1   Thumb Code    34  stm32f4xx_rcc.o(.text)
    RCC_APB1PeriphClockLPModeCmd             0x08001703   Thumb Code    34  stm32f4xx_rcc.o(.text)
    RCC_APB2PeriphClockLPModeCmd             0x08001725   Thumb Code    34  stm32f4xx_rcc.o(.text)
    RCC_LSEModeConfig                        0x08001747   Thumb Code    40  stm32f4xx_rcc.o(.text)
    RCC_ITConfig                             0x0800176f   Thumb Code    34  stm32f4xx_rcc.o(.text)
    RCC_ClearFlag                            0x08001791   Thumb Code    18  stm32f4xx_rcc.o(.text)
    RCC_GetITStatus                          0x080017a3   Thumb Code    22  stm32f4xx_rcc.o(.text)
    RCC_ClearITPendingBit                    0x080017b9   Thumb Code     8  stm32f4xx_rcc.o(.text)
    SYSCFG_DeInit                            0x080017c5   Thumb Code    22  stm32f4xx_syscfg.o(.text)
    SYSCFG_MemoryRemapConfig                 0x080017db   Thumb Code     6  stm32f4xx_syscfg.o(.text)
    SYSCFG_MemorySwappingBank                0x080017e1   Thumb Code     6  stm32f4xx_syscfg.o(.text)
    SYSCFG_EXTILineConfig                    0x080017e7   Thumb Code    66  stm32f4xx_syscfg.o(.text)
    SYSCFG_ETH_MediaInterfaceConfig          0x08001829   Thumb Code     8  stm32f4xx_syscfg.o(.text)
    SYSCFG_CompensationCellCmd               0x08001831   Thumb Code     6  stm32f4xx_syscfg.o(.text)
    SYSCFG_GetCompensationCellStatus         0x08001837   Thumb Code    22  stm32f4xx_syscfg.o(.text)
    TIM_DeInit                               0x08001859   Thumb Code   346  stm32f4xx_tim.o(.text)
    TIM_TimeBaseInit                         0x080019b3   Thumb Code   104  stm32f4xx_tim.o(.text)
    TIM_TimeBaseStructInit                   0x08001a1b   Thumb Code    18  stm32f4xx_tim.o(.text)
    TIM_PrescalerConfig                      0x08001a2d   Thumb Code     6  stm32f4xx_tim.o(.text)
    TIM_CounterModeConfig                    0x08001a33   Thumb Code    18  stm32f4xx_tim.o(.text)
    TIM_SetCounter                           0x08001a45   Thumb Code     4  stm32f4xx_tim.o(.text)
    TIM_SetAutoreload                        0x08001a49   Thumb Code     4  stm32f4xx_tim.o(.text)
    TIM_GetCounter                           0x08001a4d   Thumb Code     6  stm32f4xx_tim.o(.text)
    TIM_GetPrescaler                         0x08001a53   Thumb Code     6  stm32f4xx_tim.o(.text)
    TIM_UpdateDisableConfig                  0x08001a59   Thumb Code    24  stm32f4xx_tim.o(.text)
    TIM_UpdateRequestConfig                  0x08001a71   Thumb Code    24  stm32f4xx_tim.o(.text)
    TIM_ARRPreloadConfig                     0x08001a89   Thumb Code    24  stm32f4xx_tim.o(.text)
    TIM_SelectOnePulseMode                   0x08001aa1   Thumb Code    18  stm32f4xx_tim.o(.text)
    TIM_SetClockDivision                     0x08001ab3   Thumb Code    18  stm32f4xx_tim.o(.text)
    TIM_Cmd                                  0x08001ac5   Thumb Code    24  stm32f4xx_tim.o(.text)
    TIM_OC1Init                              0x08001add   Thumb Code   114  stm32f4xx_tim.o(.text)
    TIM_OC2Init                              0x08001b4f   Thumb Code   154  stm32f4xx_tim.o(.text)
    TIM_OC3Init                              0x08001be9   Thumb Code   204  stm32f4xx_tim.o(.text)
    TIM_OC4Init                              0x08001cb5   Thumb Code   112  stm32f4xx_tim.o(.text)
    TIM_OCStructInit                         0x08001d25   Thumb Code    20  stm32f4xx_tim.o(.text)
    TIM_SelectOCxM                           0x08001d39   Thumb Code    86  stm32f4xx_tim.o(.text)
    TIM_SetCompare1                          0x08001d8f   Thumb Code     4  stm32f4xx_tim.o(.text)
    TIM_SetCompare2                          0x08001d93   Thumb Code     4  stm32f4xx_tim.o(.text)
    TIM_SetCompare3                          0x08001d97   Thumb Code     4  stm32f4xx_tim.o(.text)
    TIM_SetCompare4                          0x08001d9b   Thumb Code     4  stm32f4xx_tim.o(.text)
    TIM_ForcedOC1Config                      0x08001d9f   Thumb Code    18  stm32f4xx_tim.o(.text)
    TIM_ForcedOC2Config                      0x08001db1   Thumb Code    26  stm32f4xx_tim.o(.text)
    TIM_ForcedOC3Config                      0x08001dcb   Thumb Code    18  stm32f4xx_tim.o(.text)
    TIM_ForcedOC4Config                      0x08001ddd   Thumb Code    26  stm32f4xx_tim.o(.text)
    TIM_OC1PreloadConfig                     0x08001df7   Thumb Code    18  stm32f4xx_tim.o(.text)
    TIM_OC2PreloadConfig                     0x08001e09   Thumb Code    26  stm32f4xx_tim.o(.text)
    TIM_OC3PreloadConfig                     0x08001e23   Thumb Code    18  stm32f4xx_tim.o(.text)
    TIM_OC4PreloadConfig                     0x08001e35   Thumb Code    26  stm32f4xx_tim.o(.text)
    TIM_OC1FastConfig                        0x08001e4f   Thumb Code    18  stm32f4xx_tim.o(.text)
    TIM_OC2FastConfig                        0x08001e61   Thumb Code    26  stm32f4xx_tim.o(.text)
    TIM_OC3FastConfig                        0x08001e7b   Thumb Code    18  stm32f4xx_tim.o(.text)
    TIM_OC4FastConfig                        0x08001e8d   Thumb Code    26  stm32f4xx_tim.o(.text)
    TIM_ClearOC1Ref                          0x08001ea7   Thumb Code    18  stm32f4xx_tim.o(.text)
    TIM_ClearOC2Ref                          0x08001eb9   Thumb Code    24  stm32f4xx_tim.o(.text)
    TIM_ClearOC3Ref                          0x08001ed1   Thumb Code    18  stm32f4xx_tim.o(.text)
    TIM_ClearOC4Ref                          0x08001ee3   Thumb Code    24  stm32f4xx_tim.o(.text)
    TIM_OC1PolarityConfig                    0x08001efb   Thumb Code    18  stm32f4xx_tim.o(.text)
    TIM_OC1NPolarityConfig                   0x08001f0d   Thumb Code    18  stm32f4xx_tim.o(.text)
    TIM_OC2PolarityConfig                    0x08001f1f   Thumb Code    26  stm32f4xx_tim.o(.text)
    TIM_OC2NPolarityConfig                   0x08001f39   Thumb Code    26  stm32f4xx_tim.o(.text)
    TIM_OC3PolarityConfig                    0x08001f53   Thumb Code    26  stm32f4xx_tim.o(.text)
    TIM_OC3NPolarityConfig                   0x08001f6d   Thumb Code    26  stm32f4xx_tim.o(.text)
    TIM_OC4PolarityConfig                    0x08001f87   Thumb Code    26  stm32f4xx_tim.o(.text)
    TIM_CCxCmd                               0x08001fa1   Thumb Code    30  stm32f4xx_tim.o(.text)
    TIM_CCxNCmd                              0x08001fbf   Thumb Code    30  stm32f4xx_tim.o(.text)
    TIM_SetIC4Prescaler                      0x08001fdd   Thumb Code    26  stm32f4xx_tim.o(.text)
    TIM_SetIC3Prescaler                      0x08002047   Thumb Code    18  stm32f4xx_tim.o(.text)
    TIM_SetIC2Prescaler                      0x080020a1   Thumb Code    26  stm32f4xx_tim.o(.text)
    TIM_SetIC1Prescaler                      0x08002115   Thumb Code    18  stm32f4xx_tim.o(.text)
    TIM_ICInit                               0x08002161   Thumb Code   110  stm32f4xx_tim.o(.text)
    TIM_ICStructInit                         0x080021cf   Thumb Code    18  stm32f4xx_tim.o(.text)
    TIM_PWMIConfig                           0x080021e1   Thumb Code   124  stm32f4xx_tim.o(.text)
    TIM_GetCapture1                          0x0800225d   Thumb Code     6  stm32f4xx_tim.o(.text)
    TIM_GetCapture2                          0x08002263   Thumb Code     6  stm32f4xx_tim.o(.text)
    TIM_GetCapture3                          0x08002269   Thumb Code     6  stm32f4xx_tim.o(.text)
    TIM_GetCapture4                          0x0800226f   Thumb Code     6  stm32f4xx_tim.o(.text)
    TIM_BDTRConfig                           0x08002275   Thumb Code    32  stm32f4xx_tim.o(.text)
    TIM_BDTRStructInit                       0x08002295   Thumb Code    18  stm32f4xx_tim.o(.text)
    TIM_CtrlPWMOutputs                       0x080022a7   Thumb Code    30  stm32f4xx_tim.o(.text)
    TIM_SelectCOM                            0x080022c5   Thumb Code    24  stm32f4xx_tim.o(.text)
    TIM_CCPreloadControl                     0x080022dd   Thumb Code    24  stm32f4xx_tim.o(.text)
    TIM_ITConfig                             0x080022f5   Thumb Code    18  stm32f4xx_tim.o(.text)
    TIM_GenerateEvent                        0x08002307   Thumb Code     4  stm32f4xx_tim.o(.text)
    TIM_GetFlagStatus                        0x0800230b   Thumb Code    18  stm32f4xx_tim.o(.text)
    TIM_ClearFlag                            0x0800231d   Thumb Code     6  stm32f4xx_tim.o(.text)
    TIM_GetITStatus                          0x08002323   Thumb Code    34  stm32f4xx_tim.o(.text)
    TIM_ClearITPendingBit                    0x08002345   Thumb Code     6  stm32f4xx_tim.o(.text)
    TIM_DMAConfig                            0x0800234b   Thumb Code    10  stm32f4xx_tim.o(.text)
    TIM_DMACmd                               0x08002355   Thumb Code    18  stm32f4xx_tim.o(.text)
    TIM_SelectCCDMA                          0x08002367   Thumb Code    24  stm32f4xx_tim.o(.text)
    TIM_InternalClockConfig                  0x0800237f   Thumb Code    12  stm32f4xx_tim.o(.text)
    TIM_SelectInputTrigger                   0x0800238b   Thumb Code    18  stm32f4xx_tim.o(.text)
    TIM_ITRxExternalClockConfig              0x0800239d   Thumb Code    24  stm32f4xx_tim.o(.text)
    TIM_TIxExternalClockConfig               0x080023b5   Thumb Code    62  stm32f4xx_tim.o(.text)
    TIM_ETRConfig                            0x080023f3   Thumb Code    28  stm32f4xx_tim.o(.text)
    TIM_ETRClockMode1Config                  0x0800240f   Thumb Code    54  stm32f4xx_tim.o(.text)
    TIM_ETRClockMode2Config                  0x08002445   Thumb Code    32  stm32f4xx_tim.o(.text)
    TIM_SelectOutputTrigger                  0x08002465   Thumb Code    18  stm32f4xx_tim.o(.text)
    TIM_SelectSlaveMode                      0x08002477   Thumb Code    18  stm32f4xx_tim.o(.text)
    TIM_SelectMasterSlaveMode                0x08002489   Thumb Code    18  stm32f4xx_tim.o(.text)
    TIM_EncoderInterfaceConfig               0x0800249b   Thumb Code    66  stm32f4xx_tim.o(.text)
    TIM_SelectHallSensor                     0x080024dd   Thumb Code    24  stm32f4xx_tim.o(.text)
    TIM_RemapConfig                          0x080024f5   Thumb Code     6  stm32f4xx_tim.o(.text)
    USART_DeInit                             0x080024fd   Thumb Code   206  stm32f4xx_usart.o(.text)
    USART_Init                               0x080025cb   Thumb Code   204  stm32f4xx_usart.o(.text)
    USART_StructInit                         0x08002697   Thumb Code    24  stm32f4xx_usart.o(.text)
    USART_ClockInit                          0x080026af   Thumb Code    32  stm32f4xx_usart.o(.text)
    USART_ClockStructInit                    0x080026cf   Thumb Code    12  stm32f4xx_usart.o(.text)
    USART_Cmd                                0x080026db   Thumb Code    24  stm32f4xx_usart.o(.text)
    USART_SetPrescaler                       0x080026f3   Thumb Code    16  stm32f4xx_usart.o(.text)
    USART_OverSampling8Cmd                   0x08002703   Thumb Code    22  stm32f4xx_usart.o(.text)
    USART_OneBitMethodCmd                    0x08002719   Thumb Code    24  stm32f4xx_usart.o(.text)
    USART_SendData                           0x08002731   Thumb Code     8  stm32f4xx_usart.o(.text)
    USART_ReceiveData                        0x08002739   Thumb Code    10  stm32f4xx_usart.o(.text)
    USART_SetAddress                         0x08002743   Thumb Code    18  stm32f4xx_usart.o(.text)
    USART_ReceiverWakeUpCmd                  0x08002755   Thumb Code    24  stm32f4xx_usart.o(.text)
    USART_WakeUpConfig                       0x0800276d   Thumb Code    18  stm32f4xx_usart.o(.text)
    USART_LINBreakDetectLengthConfig         0x0800277f   Thumb Code    18  stm32f4xx_usart.o(.text)
    USART_LINCmd                             0x08002791   Thumb Code    24  stm32f4xx_usart.o(.text)
    USART_SendBreak                          0x080027a9   Thumb Code    10  stm32f4xx_usart.o(.text)
    USART_HalfDuplexCmd                      0x080027b3   Thumb Code    24  stm32f4xx_usart.o(.text)
    USART_SetGuardTime                       0x080027cb   Thumb Code    16  stm32f4xx_usart.o(.text)
    USART_SmartCardCmd                       0x080027db   Thumb Code    24  stm32f4xx_usart.o(.text)
    USART_SmartCardNACKCmd                   0x080027f3   Thumb Code    24  stm32f4xx_usart.o(.text)
    USART_IrDAConfig                         0x0800280b   Thumb Code    18  stm32f4xx_usart.o(.text)
    USART_IrDACmd                            0x0800281d   Thumb Code    24  stm32f4xx_usart.o(.text)
    USART_DMACmd                             0x08002835   Thumb Code    18  stm32f4xx_usart.o(.text)
    USART_ITConfig                           0x08002847   Thumb Code    74  stm32f4xx_usart.o(.text)
    USART_GetFlagStatus                      0x08002891   Thumb Code    26  stm32f4xx_usart.o(.text)
    USART_ClearFlag                          0x080028ab   Thumb Code    18  stm32f4xx_usart.o(.text)
    USART_GetITStatus                        0x080028bd   Thumb Code   118  stm32f4xx_usart.o(.text)
    USART_ClearITPendingBit                  0x08002933   Thumb Code    30  stm32f4xx_usart.o(.text)
    delay_init                               0x08002951   Thumb Code    52  delay.o(.text)
    delay_us                                 0x08002985   Thumb Code    72  delay.o(.text)
    delay_xms                                0x080029cd   Thumb Code    72  delay.o(.text)
    delay_ms                                 0x08002a15   Thumb Code    56  delay.o(.text)
    _sys_exit                                0x08002a55   Thumb Code     6  usart.o(.text)
    fputc                                    0x08002a5b   Thumb Code    22  usart.o(.text)
    uart_init                                0x08002a71   Thumb Code   164  usart.o(.text)
    USART1_IRQHandler                        0x08002b15   Thumb Code   122  usart.o(.text)
    My_ADC1_Init                             0x08002ba1   Thumb Code   124  adc.o(.text)
    My_ADC2_Init                             0x08002c1d   Thumb Code   124  adc.o(.text)
    Get_ADC1                                 0x08002c99   Thumb Code    44  adc.o(.text)
    Get_ADC2                                 0x08002cc5   Thumb Code    44  adc.o(.text)
    Get_Adc1_Average                         0x08002cf1   Thumb Code    46  adc.o(.text)
    Get_Adc2_Average                         0x08002d1f   Thumb Code    46  adc.o(.text)
    ADC_Compare                              0x08002d4d   Thumb Code   188  adc.o(.text)
    LED_Init                                 0x08002e45   Thumb Code    80  led.o(.text)
    PWM1_Init                                0x08002ea1   Thumb Code   150  pwm.o(.text)
    PWM2_Init                                0x08002f37   Thumb Code   152  pwm.o(.text)
    LED_Change_Init                          0x08002fcf   Thumb Code   150  pwm.o(.text)
    KEY_Init                                 0x08003079   Thumb Code    60  key.o(.text)
    EXTIX_Init                               0x080030bd   Thumb Code   222  exti.o(.text)
    EXTI0_IRQHandler                         0x0800319b   Thumb Code   164  exti.o(.text)
    EXTI2_IRQHandler                         0x0800323f   Thumb Code   148  exti.o(.text)
    EXTI3_IRQHandler                         0x080032d3   Thumb Code    42  exti.o(.text)
    EXTI4_IRQHandler                         0x080032fd   Thumb Code   148  exti.o(.text)
    TIM4_Init                                0x080033bd   Thumb Code    88  tim.o(.text)
    TIM4_IRQHandler                          0x08003415   Thumb Code    40  tim.o(.text)
    TIM5_Init                                0x0800343d   Thumb Code    88  tim.o(.text)
    TIM5_IRQHandler                          0x08003495   Thumb Code    62  tim.o(.text)
    OLED_WR_Byte                             0x080034ed   Thumb Code   108  oled.o(.text)
    OLED_Set_Pos                             0x08003559   Thumb Code    46  oled.o(.text)
    OLED_Display_On                          0x08003587   Thumb Code    28  oled.o(.text)
    OLED_Display_Off                         0x080035a3   Thumb Code    28  oled.o(.text)
    OLED_Clear                               0x080035bf   Thumb Code    64  oled.o(.text)
    OLED_ShowChar                            0x080035ff   Thumb Code   106  oled.o(.text)
    oled_pow                                 0x08003669   Thumb Code    22  oled.o(.text)
    OLED_ShowNum                             0x0800367f   Thumb Code   132  oled.o(.text)
    OLED_ShowString                          0x08003703   Thumb Code    54  oled.o(.text)
    OLED_ShowCHinese                         0x08003739   Thumb Code    98  oled.o(.text)
    OLED_DrawBMP                             0x0800379b   Thumb Code   118  oled.o(.text)
    OLED_Init                                0x08003811   Thumb Code   416  oled.o(.text)
    __use_no_semihosting                     0x080039b1   Thumb Code     2  use_no_semi_2.o(.text)
    __2sprintf                               0x080039b5   Thumb Code    34  noretval__2sprintf.o(.text)
    _printf_int_dec                          0x080039dd   Thumb Code   104  _printf_dec.o(.text)
    __printf                                 0x08003a55   Thumb Code   308  __printf_flags_wp.o(.text)
    __use_two_region_memory                  0x08003b8d   Thumb Code     2  heapauxi.o(.text)
    __rt_heap_escrow$2region                 0x08003b8f   Thumb Code     2  heapauxi.o(.text)
    __rt_heap_expand$2region                 0x08003b91   Thumb Code     2  heapauxi.o(.text)
    __I$use$semihosting                      0x08003b93   Thumb Code     0  use_no_semi.o(.text)
    __use_no_semihosting_swi                 0x08003b93   Thumb Code     2  use_no_semi.o(.text)
    _printf_int_common                       0x08003b95   Thumb Code   178  _printf_intcommon.o(.text)
    __lib_sel_fp_printf                      0x08003c47   Thumb Code     2  _printf_fp_dec.o(.text)
    _printf_fp_dec_real                      0x08003df5   Thumb Code   620  _printf_fp_dec.o(.text)
    _printf_char_common                      0x0800406b   Thumb Code    32  _printf_char_common.o(.text)
    _sputc                                   0x08004091   Thumb Code    10  _sputc.o(.text)
    __rt_locale                              0x0800409d   Thumb Code     8  rt_locale_intlibspace.o(.text)
    _ll_udiv10                               0x080040a5   Thumb Code   138  lludiv10.o(.text)
    _printf_fp_infnan                        0x08004131   Thumb Code   112  _printf_fp_infnan.o(.text)
    _btod_etento                             0x080041b1   Thumb Code   216  bigflt0.o(.text)
    __user_libspace                          0x0800428d   Thumb Code     8  libspace.o(.text)
    __user_perproc_libspace                  0x0800428d   Thumb Code     0  libspace.o(.text)
    __user_perthread_libspace                0x0800428d   Thumb Code     0  libspace.o(.text)
    __user_setup_stackheap                   0x08004295   Thumb Code    74  sys_stackheap_outer.o(.text)
    exit                                     0x080042df   Thumb Code    12  exit.o(.text)
    strcmp                                   0x080042ed   Thumb Code   128  strcmpv7m.o(.text)
    _btod_d2e                                0x0800436d   Thumb Code    62  btod.o(CL$$btod_d2e)
    _d2e_denorm_low                          0x080043ab   Thumb Code    70  btod.o(CL$$btod_d2e_denorm_low)
    _d2e_norm_op1                            0x080043f1   Thumb Code    96  btod.o(CL$$btod_d2e_norm_op1)
    __btod_div_common                        0x08004451   Thumb Code   696  btod.o(CL$$btod_div_common)
    _e2e                                     0x08004789   Thumb Code   198  btod.o(CL$$btod_e2e)
    _btod_ediv                               0x0800484f   Thumb Code    40  btod.o(CL$$btod_ediv)
    _btod_emul                               0x08004877   Thumb Code    40  btod.o(CL$$btod_emul)
    __btod_mult_common                       0x0800489f   Thumb Code   580  btod.o(CL$$btod_mult_common)
    __ARM_fpclassify                         0x08004ae3   Thumb Code    48  fpclassify.o(i.__ARM_fpclassify)
    _is_digit                                0x08004b13   Thumb Code    14  __printf_wp.o(i._is_digit)
    _get_lc_numeric                          0x08004b21   Thumb Code    44  lc_numeric_c.o(locale$$code)
    __aeabi_d2f                              0x08004b4d   Thumb Code     0  d2f.o(x$fpl$d2f)
    _d2f                                     0x08004b4d   Thumb Code    98  d2f.o(x$fpl$d2f)
    __aeabi_ddiv                             0x08004bb1   Thumb Code     0  ddiv.o(x$fpl$ddiv)
    _ddiv                                    0x08004bb1   Thumb Code   552  ddiv.o(x$fpl$ddiv)
    __aeabi_d2uiz                            0x08004e61   Thumb Code     0  dfixu.o(x$fpl$dfixu)
    _dfixu                                   0x08004e61   Thumb Code    90  dfixu.o(x$fpl$dfixu)
    __aeabi_ui2d                             0x08004ebb   Thumb Code     0  dflt_clz.o(x$fpl$dfltu)
    _dfltu                                   0x08004ebb   Thumb Code    38  dflt_clz.o(x$fpl$dfltu)
    __aeabi_dmul                             0x08004ee1   Thumb Code     0  dmul.o(x$fpl$dmul)
    _dmul                                    0x08004ee1   Thumb Code   332  dmul.o(x$fpl$dmul)
    __fpl_dnaninf                            0x08005035   Thumb Code   156  dnaninf.o(x$fpl$dnaninf)
    __fpl_dretinf                            0x080050d1   Thumb Code    12  dretinf.o(x$fpl$dretinf)
    __aeabi_f2d                              0x080050dd   Thumb Code     0  f2d.o(x$fpl$f2d)
    _f2d                                     0x080050dd   Thumb Code    86  f2d.o(x$fpl$f2d)
    __fpl_fnaninf                            0x08005133   Thumb Code   140  fnaninf.o(x$fpl$fnaninf)
    _fp_init                                 0x080051bf   Thumb Code    10  fpinit.o(x$fpl$fpinit)
    __fplib_config_fpu_vfp                   0x080051c7   Thumb Code     0  fpinit.o(x$fpl$fpinit)
    __fplib_config_pureend_doubles           0x080051c7   Thumb Code     0  fpinit.o(x$fpl$fpinit)
    __fpl_fretinf                            0x080051c9   Thumb Code    10  fretinf.o(x$fpl$fretinf)
    _printf_fp_dec                           0x080051d3   Thumb Code     4  printf1.o(x$fpl$printf1)
    F6x8                                     0x080051d6   Data         552  oled.o(.constdata)
    __I$use$fp                               0x080051d6   Number         0  usenofp.o(x$fpl$usenofp)
    F8X16                                    0x080053fe   Data        1520  oled.o(.constdata)
    Region$$Table$$Base                      0x08005a94   Number         0  anon$$obj.o(Region$$Table)
    Region$$Table$$Limit                     0x08005ab4   Number         0  anon$$obj.o(Region$$Table)
    SystemCoreClock                          0x20000000   Data           4  system_stm32f4xx.o(.data)
    AHBPrescTable                            0x20000004   Data          16  system_stm32f4xx.o(.data)
    __stdout                                 0x20000028   Data           4  usart.o(.data)
    USART_RX_STA                             0x2000002c   Data           2  usart.o(.data)
    arr1                                     0x20000030   Data           4  pwm.o(.data)
    arr2                                     0x20000034   Data           4  pwm.o(.data)
    led_arr                                  0x20000038   Data           4  pwm.o(.data)
    pwm1val                                  0x2000003c   Data           2  pwm.o(.data)
    pwm2val                                  0x2000003e   Data           2  pwm.o(.data)
    ledchange_val                            0x20000040   Data           2  pwm.o(.data)
    frequency1                               0x20000044   Data           4  pwm.o(.data)
    frequency2                               0x20000048   Data           4  pwm.o(.data)
    pwm_change                               0x2000004c   Data           4  key.o(.data)
    i                                        0x20000050   Data           4  exti.o(.data)
    Hzk                                      0x20000054   Data         448  oled.o(.data)
    USART_RX_BUF                             0x20000214   Data         200  usart.o(.bss)
    __libspace_start                         0x200002dc   Data          96  libspace.o(.bss)
    __temporary_stack_top$libspace           0x2000033c   Data           0  libspace.o(.bss)



==============================================================================

Memory Map of the image

  Image Entry point : 0x08000189

  Load Region LR_IROM1 (Base: 0x08000000, Size: 0x00005ce4, Max: 0x00100000, ABSOLUTE, COMPRESSED[0x00005b9c])

    Execution Region ER_IROM1 (Base: 0x08000000, Size: 0x00005ad0, Max: 0x00100000, ABSOLUTE)

    Base Addr    Size         Type   Attr      Idx    E Section Name        Object

    0x08000000   0x00000188   Data   RO          250    RESET               startup_stm32f40_41xxx.o
    0x08000188   0x00000008   Code   RO         1264  * !!!main             c_w.l(__main.o)
    0x08000190   0x00000034   Code   RO         1505    !!!scatter          c_w.l(__scatter.o)
    0x080001c4   0x0000005a   Code   RO         1503    !!dczerorl2         c_w.l(__dczerorl2.o)
    0x0800021e   0x00000002   PAD
    0x08000220   0x0000001c   Code   RO         1507    !!handler_zi        c_w.l(__scatter_zi.o)
    0x0800023c   0x00000000   Code   RO         1261    .ARM.Collect$$_printf_percent$$00000000  c_w.l(_printf_percent.o)
    0x0800023c   0x00000006   Code   RO         1260    .ARM.Collect$$_printf_percent$$00000003  c_w.l(_printf_f.o)
    0x08000242   0x00000006   Code   RO         1259    .ARM.Collect$$_printf_percent$$00000009  c_w.l(_printf_d.o)
    0x08000248   0x00000004   Code   RO         1299    .ARM.Collect$$_printf_percent$$00000017  c_w.l(_printf_percent_end.o)
    0x0800024c   0x00000002   Code   RO         1381    .ARM.Collect$$libinit$$00000000  c_w.l(libinit.o)
    0x0800024e   0x00000004   Code   RO         1382    .ARM.Collect$$libinit$$00000001  c_w.l(libinit2.o)
    0x08000252   0x00000000   Code   RO         1385    .ARM.Collect$$libinit$$00000004  c_w.l(libinit2.o)
    0x08000252   0x00000000   Code   RO         1388    .ARM.Collect$$libinit$$0000000A  c_w.l(libinit2.o)
    0x08000252   0x00000000   Code   RO         1390    .ARM.Collect$$libinit$$0000000C  c_w.l(libinit2.o)
    0x08000252   0x00000000   Code   RO         1392    .ARM.Collect$$libinit$$0000000E  c_w.l(libinit2.o)
    0x08000252   0x00000006   Code   RO         1393    .ARM.Collect$$libinit$$0000000F  c_w.l(libinit2.o)
    0x08000258   0x00000000   Code   RO         1395    .ARM.Collect$$libinit$$00000011  c_w.l(libinit2.o)
    0x08000258   0x00000000   Code   RO         1397    .ARM.Collect$$libinit$$00000013  c_w.l(libinit2.o)
    0x08000258   0x00000000   Code   RO         1399    .ARM.Collect$$libinit$$00000015  c_w.l(libinit2.o)
    0x08000258   0x0000000a   Code   RO         1400    .ARM.Collect$$libinit$$00000016  c_w.l(libinit2.o)
    0x08000262   0x00000000   Code   RO         1401    .ARM.Collect$$libinit$$00000017  c_w.l(libinit2.o)
    0x08000262   0x00000000   Code   RO         1403    .ARM.Collect$$libinit$$00000019  c_w.l(libinit2.o)
    0x08000262   0x00000000   Code   RO         1405    .ARM.Collect$$libinit$$0000001B  c_w.l(libinit2.o)
    0x08000262   0x00000000   Code   RO         1407    .ARM.Collect$$libinit$$0000001D  c_w.l(libinit2.o)
    0x08000262   0x00000000   Code   RO         1409    .ARM.Collect$$libinit$$0000001F  c_w.l(libinit2.o)
    0x08000262   0x00000000   Code   RO         1411    .ARM.Collect$$libinit$$00000021  c_w.l(libinit2.o)
    0x08000262   0x00000000   Code   RO         1413    .ARM.Collect$$libinit$$00000023  c_w.l(libinit2.o)
    0x08000262   0x00000000   Code   RO         1415    .ARM.Collect$$libinit$$00000025  c_w.l(libinit2.o)
    0x08000262   0x00000000   Code   RO         1419    .ARM.Collect$$libinit$$0000002C  c_w.l(libinit2.o)
    0x08000262   0x00000000   Code   RO         1421    .ARM.Collect$$libinit$$0000002E  c_w.l(libinit2.o)
    0x08000262   0x00000000   Code   RO         1423    .ARM.Collect$$libinit$$00000030  c_w.l(libinit2.o)
    0x08000262   0x00000000   Code   RO         1425    .ARM.Collect$$libinit$$00000032  c_w.l(libinit2.o)
    0x08000262   0x00000002   Code   RO         1426    .ARM.Collect$$libinit$$00000033  c_w.l(libinit2.o)
    0x08000264   0x00000002   Code   RO         1454    .ARM.Collect$$libshutdown$$00000000  c_w.l(libshutdown.o)
    0x08000266   0x00000000   Code   RO         1464    .ARM.Collect$$libshutdown$$00000003  c_w.l(libshutdown2.o)
    0x08000266   0x00000000   Code   RO         1467    .ARM.Collect$$libshutdown$$00000006  c_w.l(libshutdown2.o)
    0x08000266   0x00000000   Code   RO         1470    .ARM.Collect$$libshutdown$$00000009  c_w.l(libshutdown2.o)
    0x08000266   0x00000000   Code   RO         1472    .ARM.Collect$$libshutdown$$0000000B  c_w.l(libshutdown2.o)
    0x08000266   0x00000000   Code   RO         1475    .ARM.Collect$$libshutdown$$0000000E  c_w.l(libshutdown2.o)
    0x08000266   0x00000002   Code   RO         1476    .ARM.Collect$$libshutdown$$0000000F  c_w.l(libshutdown2.o)
    0x08000268   0x00000000   Code   RO         1290    .ARM.Collect$$rtentry$$00000000  c_w.l(__rtentry.o)
    0x08000268   0x00000000   Code   RO         1310    .ARM.Collect$$rtentry$$00000002  c_w.l(__rtentry2.o)
    0x08000268   0x00000006   Code   RO         1322    .ARM.Collect$$rtentry$$00000004  c_w.l(__rtentry4.o)
    0x0800026e   0x00000000   Code   RO         1312    .ARM.Collect$$rtentry$$00000009  c_w.l(__rtentry2.o)
    0x0800026e   0x00000004   Code   RO         1313    .ARM.Collect$$rtentry$$0000000A  c_w.l(__rtentry2.o)
    0x08000272   0x00000000   Code   RO         1315    .ARM.Collect$$rtentry$$0000000C  c_w.l(__rtentry2.o)
    0x08000272   0x00000008   Code   RO         1316    .ARM.Collect$$rtentry$$0000000D  c_w.l(__rtentry2.o)
    0x0800027a   0x00000002   Code   RO         1427    .ARM.Collect$$rtexit$$00000000  c_w.l(rtexit.o)
    0x0800027c   0x00000000   Code   RO         1434    .ARM.Collect$$rtexit$$00000002  c_w.l(rtexit2.o)
    0x0800027c   0x00000004   Code   RO         1435    .ARM.Collect$$rtexit$$00000003  c_w.l(rtexit2.o)
    0x08000280   0x00000006   Code   RO         1436    .ARM.Collect$$rtexit$$00000004  c_w.l(rtexit2.o)
    0x08000286   0x00000002   PAD
    0x08000288   0x0000038c   Code   RO            3    .text               main.o
    0x08000614   0x0000001a   Code   RO          175    .text               stm32f4xx_it.o
    0x0800062e   0x00000002   PAD
    0x08000630   0x00000210   Code   RO          224    .text               system_stm32f4xx.o
    0x08000840   0x00000040   Code   RO          251    .text               startup_stm32f40_41xxx.o
    0x08000880   0x000000e0   Code   RO          257    .text               misc.o
    0x08000960   0x00000464   Code   RO          277    .text               stm32f4xx_adc.o
    0x08000dc4   0x00000110   Code   RO          520    .text               stm32f4xx_exti.o
    0x08000ed4   0x00000294   Code   RO          606    .text               stm32f4xx_gpio.o
    0x08001168   0x0000065c   Code   RO          769    .text               stm32f4xx_rcc.o
    0x080017c4   0x00000094   Code   RO          894    .text               stm32f4xx_syscfg.o
    0x08001858   0x00000ca2   Code   RO          914    .text               stm32f4xx_tim.o
    0x080024fa   0x00000002   PAD
    0x080024fc   0x00000454   Code   RO          934    .text               stm32f4xx_usart.o
    0x08002950   0x00000104   Code   RO          974    .text               delay.o
    0x08002a54   0x0000014c   Code   RO         1014    .text               usart.o
    0x08002ba0   0x000002a4   Code   RO         1045    .text               adc.o
    0x08002e44   0x0000005c   Code   RO         1065    .text               led.o
    0x08002ea0   0x000001d8   Code   RO         1085    .text               pwm.o
    0x08003078   0x00000044   Code   RO         1111    .text               key.o
    0x080030bc   0x00000300   Code   RO         1137    .text               exti.o
    0x080033bc   0x00000130   Code   RO         1175    .text               tim.o
    0x080034ec   0x000004c4   Code   RO         1202    .text               oled.o
    0x080039b0   0x00000002   Code   RO         1229    .text               c_w.l(use_no_semi_2.o)
    0x080039b2   0x00000002   PAD
    0x080039b4   0x00000028   Code   RO         1233    .text               c_w.l(noretval__2sprintf.o)
    0x080039dc   0x00000078   Code   RO         1237    .text               c_w.l(_printf_dec.o)
    0x08003a54   0x00000138   Code   RO         1251    .text               c_w.l(__printf_flags_wp.o)
    0x08003b8c   0x00000006   Code   RO         1262    .text               c_w.l(heapauxi.o)
    0x08003b92   0x00000002   Code   RO         1288    .text               c_w.l(use_no_semi.o)
    0x08003b94   0x000000b2   Code   RO         1291    .text               c_w.l(_printf_intcommon.o)
    0x08003c46   0x0000041a   Code   RO         1293    .text               c_w.l(_printf_fp_dec.o)
    0x08004060   0x00000030   Code   RO         1295    .text               c_w.l(_printf_char_common.o)
    0x08004090   0x0000000a   Code   RO         1297    .text               c_w.l(_sputc.o)
    0x0800409a   0x00000002   PAD
    0x0800409c   0x00000008   Code   RO         1327    .text               c_w.l(rt_locale_intlibspace.o)
    0x080040a4   0x0000008a   Code   RO         1329    .text               c_w.l(lludiv10.o)
    0x0800412e   0x00000002   PAD
    0x08004130   0x00000080   Code   RO         1331    .text               c_w.l(_printf_fp_infnan.o)
    0x080041b0   0x000000dc   Code   RO         1335    .text               c_w.l(bigflt0.o)
    0x0800428c   0x00000008   Code   RO         1367    .text               c_w.l(libspace.o)
    0x08004294   0x0000004a   Code   RO         1370    .text               c_w.l(sys_stackheap_outer.o)
    0x080042de   0x0000000c   Code   RO         1372    .text               c_w.l(exit.o)
    0x080042ea   0x00000002   PAD
    0x080042ec   0x00000080   Code   RO         1374    .text               c_w.l(strcmpv7m.o)
    0x0800436c   0x0000003e   Code   RO         1338    CL$$btod_d2e        c_w.l(btod.o)
    0x080043aa   0x00000046   Code   RO         1340    CL$$btod_d2e_denorm_low  c_w.l(btod.o)
    0x080043f0   0x00000060   Code   RO         1339    CL$$btod_d2e_norm_op1  c_w.l(btod.o)
    0x08004450   0x00000338   Code   RO         1348    CL$$btod_div_common  c_w.l(btod.o)
    0x08004788   0x000000c6   Code   RO         1345    CL$$btod_e2e        c_w.l(btod.o)
    0x0800484e   0x00000028   Code   RO         1342    CL$$btod_ediv       c_w.l(btod.o)
    0x08004876   0x00000028   Code   RO         1341    CL$$btod_emul       c_w.l(btod.o)
    0x0800489e   0x00000244   Code   RO         1347    CL$$btod_mult_common  c_w.l(btod.o)
    0x08004ae2   0x00000030   Code   RO         1365    i.__ARM_fpclassify  m_wm.l(fpclassify.o)
    0x08004b12   0x0000000e   Code   RO         1249    i._is_digit         c_w.l(__printf_wp.o)
    0x08004b20   0x0000002c   Code   RO         1361    locale$$code        c_w.l(lc_numeric_c.o)
    0x08004b4c   0x00000062   Code   RO         1266    x$fpl$d2f           fz_wm.l(d2f.o)
    0x08004bae   0x00000002   PAD
    0x08004bb0   0x000002b0   Code   RO         1269    x$fpl$ddiv          fz_wm.l(ddiv.o)
    0x08004e60   0x0000005a   Code   RO         1272    x$fpl$dfixu         fz_wm.l(dfixu.o)
    0x08004eba   0x00000026   Code   RO         1276    x$fpl$dfltu         fz_wm.l(dflt_clz.o)
    0x08004ee0   0x00000154   Code   RO         1282    x$fpl$dmul          fz_wm.l(dmul.o)
    0x08005034   0x0000009c   Code   RO         1300    x$fpl$dnaninf       fz_wm.l(dnaninf.o)
    0x080050d0   0x0000000c   Code   RO         1302    x$fpl$dretinf       fz_wm.l(dretinf.o)
    0x080050dc   0x00000056   Code   RO         1284    x$fpl$f2d           fz_wm.l(f2d.o)
    0x08005132   0x0000008c   Code   RO         1304    x$fpl$fnaninf       fz_wm.l(fnaninf.o)
    0x080051be   0x0000000a   Code   RO         1431    x$fpl$fpinit        fz_wm.l(fpinit.o)
    0x080051c8   0x0000000a   Code   RO         1306    x$fpl$fretinf       fz_wm.l(fretinf.o)
    0x080051d2   0x00000004   Code   RO         1286    x$fpl$printf1       fz_wm.l(printf1.o)
    0x080051d6   0x00000000   Code   RO         1308    x$fpl$usenofp       fz_wm.l(usenofp.o)
    0x080051d6   0x00000818   Data   RO         1203    .constdata          oled.o
    0x080059ee   0x00000011   Data   RO         1252    .constdata          c_w.l(__printf_flags_wp.o)
    0x080059ff   0x00000001   PAD
    0x08005a00   0x00000094   Data   RO         1336    .constdata          c_w.l(bigflt0.o)
    0x08005a94   0x00000020   Data   RO         1501    Region$$Table       anon$$obj.o
    0x08005ab4   0x0000001c   Data   RO         1360    locale$$data        c_w.l(lc_numeric_c.o)


    Execution Region RW_IRAM1 (Base: 0x20000000, Size: 0x00000940, Max: 0x00020000, ABSOLUTE, COMPRESSED[0x000000cc])

    Base Addr    Size         Type   Attr      Idx    E Section Name        Object

    0x20000000   0x00000014   Data   RW          225    .data               system_stm32f4xx.o
    0x20000014   0x00000010   Data   RW          770    .data               stm32f4xx_rcc.o
    0x20000024   0x00000004   Data   RW          975    .data               delay.o
    0x20000028   0x00000006   Data   RW         1016    .data               usart.o
    0x2000002e   0x00000002   PAD
    0x20000030   0x0000001c   Data   RW         1086    .data               pwm.o
    0x2000004c   0x00000004   Data   RW         1112    .data               key.o
    0x20000050   0x00000004   Data   RW         1138    .data               exti.o
    0x20000054   0x000001c0   Data   RW         1204    .data               oled.o
    0x20000214   0x000000c8   Zero   RW         1015    .bss                usart.o
    0x200002dc   0x00000060   Zero   RW         1368    .bss                c_w.l(libspace.o)
    0x2000033c   0x00000004   PAD
    0x20000340   0x00000200   Zero   RW          249    HEAP                startup_stm32f40_41xxx.o
    0x20000540   0x00000400   Zero   RW          248    STACK               startup_stm32f40_41xxx.o


==============================================================================

Image component sizes


      Code (inc. data)   RO Data    RW Data    ZI Data      Debug   Object Name

       676         60          0          0          0       2232   adc.o
       260          8          0          4          0       1413   delay.o
       768         44          0          4          0       1689   exti.o
        68          8          0          4          0        716   key.o
        92         12          0          0          0        515   led.o
       908        178          0          0          0     298655   main.o
       224         20          0          0          0       1793   misc.o
      1220         20       2072        448          0       4413   oled.o
       472         20          0         28          0       1938   pwm.o
        64         26        392          0       1536        820   startup_stm32f40_41xxx.o
      1124         24          0          0          0      10466   stm32f4xx_adc.o
       272         10          0          0          0       2239   stm32f4xx_exti.o
       660         44          0          0          0       4073   stm32f4xx_gpio.o
        26          0          0          0          0       1210   stm32f4xx_it.o
      1628         52          0         16          0      12844   stm32f4xx_rcc.o
       148         12          0          0          0       1833   stm32f4xx_syscfg.o
      3234         60          0          0          0      22276   stm32f4xx_tim.o
      1108         34          0          0          0       7772   stm32f4xx_usart.o
       528         46          0         20          0       1743   system_stm32f4xx.o
       304         26          0          0          0       1210   tim.o
       332         18          0          6        200       3274   usart.o

    ----------------------------------------------------------------------
     14120        722       2496        532       1736     383124   Object Totals
         0          0         32          0          0          0   (incl. Generated)
         4          0          0          2          0          0   (incl. Padding)

    ----------------------------------------------------------------------

      Code (inc. data)   RO Data    RW Data    ZI Data      Debug   Library Member Name

        90          0          0          0          0          0   __dczerorl2.o
         8          0          0          0          0         68   __main.o
       312          4         17          0          0         92   __printf_flags_wp.o
        14          0          0          0          0         68   __printf_wp.o
         0          0          0          0          0          0   __rtentry.o
        12          0          0          0          0          0   __rtentry2.o
         6          0          0          0          0          0   __rtentry4.o
        52          8          0          0          0          0   __scatter.o
        28          0          0          0          0          0   __scatter_zi.o
        48          6          0          0          0         96   _printf_char_common.o
         6          0          0          0          0          0   _printf_d.o
       120         16          0          0          0         92   _printf_dec.o
         6          0          0          0          0          0   _printf_f.o
      1050          0          0          0          0        216   _printf_fp_dec.o
       128         16          0          0          0         84   _printf_fp_infnan.o
       178          0          0          0          0         88   _printf_intcommon.o
         0          0          0          0          0          0   _printf_percent.o
         4          0          0          0          0          0   _printf_percent_end.o
        10          0          0          0          0         68   _sputc.o
       220          4        148          0          0         96   bigflt0.o
      1910        128          0          0          0        672   btod.o
        12          0          0          0          0         72   exit.o
         6          0          0          0          0        152   heapauxi.o
        44         10         28          0          0         76   lc_numeric_c.o
         2          0          0          0          0          0   libinit.o
        22          0          0          0          0          0   libinit2.o
         2          0          0          0          0          0   libshutdown.o
         2          0          0          0          0          0   libshutdown2.o
         8          4          0          0         96         68   libspace.o
       138          0          0          0          0         80   lludiv10.o
        40          6          0          0          0         84   noretval__2sprintf.o
         8          4          0          0          0         68   rt_locale_intlibspace.o
         2          0          0          0          0          0   rtexit.o
        10          0          0          0          0          0   rtexit2.o
       128          0          0          0          0         68   strcmpv7m.o
        74          0          0          0          0         80   sys_stackheap_outer.o
         2          0          0          0          0         68   use_no_semi.o
         2          0          0          0          0         68   use_no_semi_2.o
        98          4          0          0          0        140   d2f.o
       688        140          0          0          0        256   ddiv.o
        90          4          0          0          0        140   dfixu.o
        38          0          0          0          0        116   dflt_clz.o
       340         12          0          0          0        152   dmul.o
       156          4          0          0          0        140   dnaninf.o
        12          0          0          0          0        116   dretinf.o
        86          4          0          0          0        132   f2d.o
       140          4          0          0          0        132   fnaninf.o
        10          0          0          0          0        116   fpinit.o
        10          0          0          0          0        116   fretinf.o
         4          0          0          0          0        116   printf1.o
         0          0          0          0          0          0   usenofp.o
        48          0          0          0          0        124   fpclassify.o

    ----------------------------------------------------------------------
      6438        378        194          0        100       4320   Library Totals
        14          0          1          0          4          0   (incl. Padding)

    ----------------------------------------------------------------------

      Code (inc. data)   RO Data    RW Data    ZI Data      Debug   Library Name

      4704        206        193          0         96       2524   c_w.l
      1672        172          0          0          0       1672   fz_wm.l
        48          0          0          0          0        124   m_wm.l

    ----------------------------------------------------------------------
      6438        378        194          0        100       4320   Library Totals

    ----------------------------------------------------------------------

==============================================================================


      Code (inc. data)   RO Data    RW Data    ZI Data      Debug   

     20558       1100       2690        532       1836     380892   Grand Totals
     20558       1100       2690        204       1836     380892   ELF Image Totals (compressed)
     20558       1100       2690        204          0          0   ROM Totals

==============================================================================

    Total RO  Size (Code + RO Data)                23248 (  22.70kB)
    Total RW  Size (RW Data + ZI Data)              2368 (   2.31kB)
    Total ROM Size (Code + RO Data + RW Data)      23452 (  22.90kB)

==============================================================================

